{
    "reconst - frf_msmt": {
        "content": [
            {
                "0": [

                ],
                "1": [
                    [
                        {
                            "id": "test",
                            "single_end": false
                        },
                        "test__wm_frf.txt:md5,4ba04389a01fadc6986b53b225c3fde0"
                    ]
                ],
                "2": [
                    [
                        {
                            "id": "test",
                            "single_end": false
                        },
                        "test__gm_frf.txt:md5,e627436ce8b59ccab2bf34937f9ba3ce"
                    ]
                ],
                "3": [
                    [
                        {
                            "id": "test",
                            "single_end": false
                        },
                        "test__csf_frf.txt:md5,0f7188e638225f25637f8abfc5e32de1"
                    ]
                ],
                "4": [
                    "versions.yml:md5,27d2fdbd79ddc92e271a85b6d4ca5013"
                ],
                "csf_frf": [
                    [
                        {
                            "id": "test",
                            "single_end": false
                        },
                        "test__csf_frf.txt:md5,0f7188e638225f25637f8abfc5e32de1"
                    ]
                ],
                "frf": [

                ],
                "gm_frf": [
                    [
                        {
                            "id": "test",
                            "single_end": false
                        },
                        "test__gm_frf.txt:md5,e627436ce8b59ccab2bf34937f9ba3ce"
                    ]
                ],
                "versions": [
                    "versions.yml:md5,27d2fdbd79ddc92e271a85b6d4ca5013"
                ],
                "wm_frf": [
                    [
                        {
                            "id": "test",
                            "single_end": false
                        },
                        "test__wm_frf.txt:md5,4ba04389a01fadc6986b53b225c3fde0"
                    ]
                ]
            }
        ],
        "meta": {
            "nf-test": "0.9.2",
            "nextflow": "25.04.7"
        },
        "timestamp": "2025-09-22T20:52:32.388680551"
    },
    "reconst - frf_set_frf_no_mask": {
        "content": [
            {
                "0": [
                    [
                        {
                            "id": "test",
                            "single_end": false
                        },
                        "test__frf.txt:md5,216a64bf3d00e4ca66e1b7f0df0dabb3"
                    ]
                ],
                "1": [

                ],
                "2": [

                ],
                "3": [

                ],
                "4": [
                    "versions.yml:md5,27d2fdbd79ddc92e271a85b6d4ca5013"
                ],
                "csf_frf": [

                ],
                "frf": [
                    [
                        {
                            "id": "test",
                            "single_end": false
                        },
                        "test__frf.txt:md5,216a64bf3d00e4ca66e1b7f0df0dabb3"
                    ]
                ],
                "gm_frf": [

                ],
                "versions": [
                    "versions.yml:md5,27d2fdbd79ddc92e271a85b6d4ca5013"
                ],
                "wm_frf": [

                ]
            }
        ],
        "meta": {
            "nf-test": "0.9.2",
            "nextflow": "25.04.7"
        },
        "timestamp": "2025-09-22T20:52:13.435504641"
    },
    "reconst - frf": {
        "content": [
            {
                "0": [
                    [
                        {
                            "id": "test",
                            "single_end": false
                        },
                        "test__frf.txt:md5,5174bb98e1ea39d559cd605c4b2ec48e"
                    ]
                ],
                "1": [

                ],
                "2": [

                ],
                "3": [

                ],
                "4": [
                    "versions.yml:md5,27d2fdbd79ddc92e271a85b6d4ca5013"
                ],
                "csf_frf": [

                ],
                "frf": [
                    [
                        {
                            "id": "test",
                            "single_end": false
                        },
                        "test__frf.txt:md5,5174bb98e1ea39d559cd605c4b2ec48e"
                    ]
                ],
                "gm_frf": [

                ],
                "versions": [
                    "versions.yml:md5,27d2fdbd79ddc92e271a85b6d4ca5013"
                ],
                "wm_frf": [

                ]
            }
        ],
        "meta": {
            "nf-test": "0.9.2",
            "nextflow": "25.04.7"
        },
        "timestamp": "2025-09-22T20:51:09.388940854"
    },
    "reconst - frf - stub-run": {
        "content": [
            [
                "versions.yml:md5,27d2fdbd79ddc92e271a85b6d4ca5013"
            ]
        ],
        "meta": {
            "nf-test": "0.9.2",
            "nextflow": "25.04.7"
        },
        "timestamp": "2025-09-22T20:53:16.043705386"
    },
    "reconst - frf_set_frf": {
        "content": [
            {
                "0": [
                    [
                        {
                            "id": "test",
                            "single_end": false
                        },
                        "test__frf.txt:md5,1d0f31a4b209e4a624ad8ad77b91ff38"
                    ]
                ],
                "1": [

                ],
                "2": [

                ],
                "3": [

                ],
                "4": [
                    "versions.yml:md5,27d2fdbd79ddc92e271a85b6d4ca5013"
                ],
                "csf_frf": [

                ],
                "frf": [
                    [
                        {
                            "id": "test",
                            "single_end": false
                        },
                        "test__frf.txt:md5,1d0f31a4b209e4a624ad8ad77b91ff38"
                    ]
                ],
                "gm_frf": [

                ],
                "versions": [
                    "versions.yml:md5,27d2fdbd79ddc92e271a85b6d4ca5013"
                ],
                "wm_frf": [

                ]
            }
        ],
        "meta": {
            "nf-test": "0.9.2",
            "nextflow": "25.04.7"
        },
        "timestamp": "2025-09-22T20:51:52.132957661"
    },
    "reconst - frf_no_mask": {
        "content": [
            {
                "0": [
                    [
                        {
                            "id": "test",
                            "single_end": false
                        },
                        "test__frf.txt:md5,3432466fbca7f1f1df92e8634b75fcb6"
                    ]
                ],
                "1": [

                ],
                "2": [

                ],
                "3": [

                ],
                "4": [
                    "versions.yml:md5,27d2fdbd79ddc92e271a85b6d4ca5013"
                ],
                "csf_frf": [

                ],
                "frf": [
                    [
                        {
                            "id": "test",
                            "single_end": false
                        },
                        "test__frf.txt:md5,3432466fbca7f1f1df92e8634b75fcb6"
                    ]
                ],
                "gm_frf": [

                ],
                "versions": [
                    "versions.yml:md5,27d2fdbd79ddc92e271a85b6d4ca5013"
                ],
                "wm_frf": [

                ]
            }
        ],
        "meta": {
            "nf-test": "0.9.2",
            "nextflow": "25.04.7"
        },
        "timestamp": "2025-09-22T20:51:31.122188191"
    },
    "reconst - frf_msmt_set_frf": {
        "content": [
            {
                "0": [

                ],
                "1": [
                    [
                        {
                            "id": "test",
                            "single_end": false
                        },
                        "test__wm_frf.txt:md5,5e797b4721417dcef35f870462577660"
                    ]
                ],
                "2": [
                    [
                        {
                            "id": "test",
                            "single_end": false
                        },
                        "test__gm_frf.txt:md5,85bf905f0953f48bbb622c9bb179692b"
                    ]
                ],
                "3": [
                    [
                        {
                            "id": "test",
                            "single_end": false
                        },
                        "test__csf_frf.txt:md5,7ba2403272a2ee2d2878a93ae44a42e8"
                    ]
                ],
                "4": [
                    "versions.yml:md5,27d2fdbd79ddc92e271a85b6d4ca5013"
                ],
                "csf_frf": [
                    [
                        {
                            "id": "test",
                            "single_end": false
                        },
                        "test__csf_frf.txt:md5,7ba2403272a2ee2d2878a93ae44a42e8"
                    ]
                ],
                "frf": [

                ],
                "gm_frf": [
                    [
                        {
                            "id": "test",
                            "single_end": false
                        },
                        "test__gm_frf.txt:md5,85bf905f0953f48bbb622c9bb179692b"
                    ]
                ],
                "versions": [
                    "versions.yml:md5,27d2fdbd79ddc92e271a85b6d4ca5013"
                ],
                "wm_frf": [
                    [
                        {
                            "id": "test",
                            "single_end": false
                        },
                        "test__wm_frf.txt:md5,5e797b4721417dcef35f870462577660"
                    ]
                ]
            }
        ],
        "meta": {
            "nf-test": "0.9.2",
            "nextflow": "25.04.7"
        },
        "timestamp": "2025-09-22T20:52:54.813056609"
    }
}
