{
    "registration - synthregistration": {
        "content": [
            {
                "affine": [
                    [
                        {
                            "id": "test"
                        },
                        "test__forward1_affine.lta"
                    ]
                ],
                "image_transform": [
                    [
                        {
                            "id": "test"
                        },
                        "test__forward0_warp.nii.gz",
                        "test__forward1_affine.lta"
                    ]
                ],
                "image_warped": [
                    [
                        {
                            "id": "test"
                        },
                        "test__warped.nii.gz"
                    ]
                ],
                "inverse_affine": [
                    [
                        {
                            "id": "test"
                        },
                        "test__backward0_affine.lta"
                    ]
                ],
                "inverse_image_transform": [
                    [
                        {
                            "id": "test"
                        },
                        "test__backward0_affine.lta",
                        "test__backward1_warp.nii.gz"
                    ]
                ],
                "inverse_tractogram_transform": [
                    [
                        {
                            "id": "test"
                        },
                        "test__forward0_warp.nii.gz",
                        "test__forward1_affine.lta"
                    ]
                ],
                "inverse_warp": [
                    [
                        {
                            "id": "test"
                        },
                        "test__backward1_warp.nii.gz"
                    ]
                ],
                "tractogram_transform": [
                    [
                        {
                            "id": "test"
                        },
                        "test__backward0_affine.lta",
                        "test__backward1_warp.nii.gz"
                    ]
                ],
                "versions": [
                    "versions.yml:md5,f0fa799dd0d27d1974ea409d9c9e5da7"
                ],
                "warp": [
                    [
                        {
                            "id": "test"
                        },
                        "test__forward0_warp.nii.gz"
                    ]
                ]
            }
        ],
        "meta": {
            "nf-test": "0.9.0",
            "nextflow": "25.04.6"
        },
        "timestamp": "2025-07-20T03:29:30.180373035"
    },
    "registration - easyreg": {
        "content": [
            {
                "image_transform": [
                    [
                        {
                            "id": "test"
                        },
                        "test_forward0_warp.nii.gz"
                    ]
                ],
                "image_warped": [
                    [
                        {
                            "id": "test"
                        },
                        "test_warped.nii.gz"
                    ]
                ],
                "inverse_image_transform": [
                    [
                        {
                            "id": "test"
                        },
                        "test_backward0_warp.nii.gz"
                    ]
                ],
                "inverse_tractogram_transform": [
                    [
                        {
                            "id": "test"
                        },
                        "test_forward0_warp.nii.gz"
                    ]
                ],
                "inverse_warp": [
                    [
                        {
                            "id": "test"
                        },
                        "test_backward0_warp.nii.gz"
                    ]
                ],
                "ref_segmentation": [
                    [
                        {
                            "id": "test"
                        },
                        "test_warped_reference_segmentation.nii.gz"
                    ]
                ],
                "ref_warped": [
                    [
                        {
                            "id": "test"
                        },
                        "test_warped_reference.nii.gz"
                    ]
                ],
                "segmentation": [
                    [
                        {
                            "id": "test"
                        },
                        "test_warped_segmentation.nii.gz"
                    ]
                ],
                "tractogram_transform": [
                    [
                        {
                            "id": "test"
                        },
                        "test_backward0_warp.nii.gz"
                    ]
                ],
                "versions": [
                    "versions.yml:md5,3f38c911476c605480c02e484fcf6e9f"
                ],
                "warp": [
                    [
                        {
                            "id": "test"
                        },
                        "test_forward0_warp.nii.gz"
                    ]
                ]
            }
        ],
        "meta": {
            "nf-test": "0.9.2",
            "nextflow": "25.04.7"
        },
        "timestamp": "2025-09-20T13:03:27.206157"
    },
    "registration - antsRegistration": {
        "content": [
            {
                "affine": [
                    [
                        {
                            "id": "test"
                        },
                        "test__forward1_affine.mat"
                    ]
                ],
                "image_transform": [
                    [
                        {
                            "id": "test"
                        },
                        "test__forward0_warp.nii.gz",
                        "test__forward1_affine.mat"
                    ]
                ],
                "image_warped": [
                    [
                        {
                            "id": "test"
                        },
                        "test__b0_warped.nii.gz"
                    ]
                ],
                "inverse_affine": [
                    [
                        {
                            "id": "test"
                        },
                        "test__backward0_affine.mat"
                    ]
                ],
                "inverse_image_transform": [
                    [
                        {
                            "id": "test"
                        },
                        "test__backward0_affine.mat",
                        "test__backward1_warp.nii.gz"
                    ]
                ],
                "inverse_tractogram_transform": [
                    [
                        {
                            "id": "test"
                        },
                        "test__forward0_warp.nii.gz",
                        "test__forward1_affine.mat"
                    ]
                ],
                "inverse_warp": [
                    [
                        {
                            "id": "test"
                        },
                        "test__backward1_warp.nii.gz"
                    ]
                ],
                "tractogram_transform": [
                    [
                        {
                            "id": "test"
                        },
                        "test__backward0_affine.mat",
                        "test__backward1_warp.nii.gz"
                    ]
                ],
                "versions": [
                    "versions.yml:md5,0f0af6043cb0549dd850d1f59d0c7190"
                ]
            }
        ],
        "meta": {
            "nf-test": "0.9.0",
            "nextflow": "25.04.7"
        },
        "timestamp": "2025-10-17T17:41:51.560683985"
    },
    "registration - SyNQuick": {
        "content": [
            {
                "affine": [
                    [
                        {
                            "id": "test"
                        },
                        "test__forward1_affine.mat"
                    ]
                ],
                "image_transform": [
                    [
                        {
                            "id": "test"
                        },
                        "test__forward0_warp.nii.gz",
                        "test__forward1_affine.mat"
                    ]
                ],
                "image_warped": [
                    [
                        {
                            "id": "test"
                        },
                        "test__t1_warped.nii.gz"
                    ]
                ],
                "inverse_affine": [
                    [
                        {
                            "id": "test"
                        },
                        "test__backward0_affine.mat"
                    ]
                ],
                "inverse_image_transform": [
                    [
                        {
                            "id": "test"
                        },
                        "test__backward0_affine.mat",
                        "test__backward1_warp.nii.gz"
                    ]
                ],
                "inverse_tractogram_transform": [
                    [
                        {
                            "id": "test"
                        },
                        "test__forward0_warp.nii.gz",
                        "test__forward1_affine.mat"
                    ]
                ],
                "inverse_warp": [
                    [
                        {
                            "id": "test"
                        },
                        "test__backward1_warp.nii.gz"
                    ]
                ],
                "tractogram_transform": [
                    [
                        {
                            "id": "test"
                        },
                        "test__backward0_affine.mat",
                        "test__backward1_warp.nii.gz"
                    ]
                ],
                "versions": [
                    "versions.yml:md5,42f2dcb95a2cf29b157dbaebf162d2dd"
                ]
            }
        ],
        "meta": {
            "nf-test": "0.9.0",
            "nextflow": "25.04.7"
        },
        "timestamp": "2025-10-17T17:41:57.285829729"
    }
}