{
    "registration - Synthmorph": {
        "content": [
            {
                "affine": [
                    [
                        {
                            "id": "test"
                        },
                        "test__out_affine.txt"
                    ]
                ],
                "image_transform": [
                    [
                        {
                            "id": "test"
                        },
                        "test__out_affine.txt"
                    ]
                ],
                "image_warped": [
                    [
                        {
                            "id": "test"
                        },
                        "test__warped.nii.gz"
                    ]
                ],
                "inverse_affine": [
                    [
                        {
                            "id": "test"
                        },
                        "test__out_affine.txt"
                    ]
                ],
                "inverse_image_transform": [
                    [
                        {
                            "id": "test"
                        },
                        "test__out_affine.txt"
                    ]
                ],
                "inverse_tractogram_transform": [
                    [
                        {
                            "id": "test"
                        },
                        "test__out_affine.txt"
                    ]
                ],
                "tractogram_transform": [
                    [
                        {
                            "id": "test"
                        },
                        "test__out_affine.txt"
                    ]
                ],
                "versions": [
                    "versions.yml:md5,5f2030eca02186c4f9b3e76425f94bf1",
                    "versions.yml:md5,f0fa799dd0d27d1974ea409d9c9e5da7"
                ]
            }
        ],
        "meta": {
            "nf-test": "0.9.0",
            "nextflow": "25.04.6"
        },
        "timestamp": "2025-07-28T15:34:09.121403461"
    },
    "registration - easyreg": {
        "content": [
            {
                "image_transform": [
                    [
                        {
                            "id": "test"
                        },
                        "test_forward0_warp.nii.gz"
                    ]
                ],
                "image_warped": [
                    [
                        {
                            "id": "test"
                        },
                        "test_warped.nii.gz"
                    ]
                ],
                "inverse_image_transform": [
                    [
                        {
                            "id": "test"
                        },
                        "test_backward0_warp.nii.gz"
                    ]
                ],
                "inverse_tractogram_transform": [
                    [
                        {
                            "id": "test"
                        },
                        "test_forward0_warp.nii.gz"
                    ]
                ],
                "inverse_warp": [
                    [
                        {
                            "id": "test"
                        },
                        "test_backward0_warp.nii.gz"
                    ]
                ],
                "ref_segmentation": [
                    [
                        {
                            "id": "test"
                        },
                        "test__warped_reference_segmentation.nii.gz"
                    ]
                ],
                "ref_warped": [
                    [
                        {
                            "id": "test"
                        },
                        "test_warped_reference.nii.gz"
                    ]
                ],
                "segmentation": [
                    [
                        {
                            "id": "test"
                        },
                        "test__warped_segmentation.nii.gz"
                    ]
                ],
                "tractogram_transform": [
                    [
                        {
                            "id": "test"
                        },
                        "test_backward0_warp.nii.gz"
                    ]
                ],
                "versions": [
                    "versions.yml:md5,3f38c911476c605480c02e484fcf6e9f"
                ],
                "warp": [
                    [
                        {
                            "id": "test"
                        },
                        "test_forward0_warp.nii.gz"
                    ]
                ]
            }
        ],
        "meta": {
            "nf-test": "0.9.0",
            "nextflow": "25.04.6"
        },
        "timestamp": "2025-07-29T01:50:43.433891046"
    },
    "registration - ANTs - SyNQuick": {
        "content": [
            {
                "affine": [
                    [
                        {
                            "id": "test"
                        },
                        "test__forward1_affine.mat"
                    ]
                ],
                "image_transform": [
                    [
                        {
                            "id": "test"
                        },
                        "test__forward1_affine.mat"
                    ]
                ],
                "image_warped": [
                    [
                        {
                            "id": "test"
                        },
                        "test__t1_warped.nii.gz"
                    ]
                ],
                "inverse_affine": [
                    [
                        {
                            "id": "test"
                        },
                        "test__backward0_affine.mat"
                    ]
                ],
                "inverse_image_transform": [
                    [
                        {
                            "id": "test"
                        },
                        "test__backward0_affine.mat"
                    ]
                ],
                "inverse_tractogram_transform": [
                    [
                        {
                            "id": "test"
                        },
                        "test__forward1_affine.mat"
                    ]
                ],
                "mqc": [
                    [
                        {
                            "id": "test"
                        },
                        "test__registration_ants_mqc.gif"
                    ]
                ],
                "tractogram_transform": [
                    [
                        {
                            "id": "test"
                        },
                        "test__backward0_affine.mat"
                    ]
                ],
                "versions": [
                    "versions.yml:md5,7b059759af9e9bd4711e94db65e61095"
                ]
            }
        ],
        "meta": {
            "nf-test": "0.9.2",
            "nextflow": "25.04.7"
        },
        "timestamp": "2025-09-20T13:03:27.206157"
    },
    "registration - ANTs - Anat to DWI": {
        "content": [
            {
                "affine": [
                    [
                        {
                            "id": "test"
                        },
                        "test__forward1_affine.mat"
                    ]
                ],
                "image_transform": [
                    [
                        {
                            "id": "test"
                        },
                        "test__forward0_warp.nii.gz",
                        "test__forward1_affine.mat"
                    ]
                ],
                "image_warped": [
                    [
                        {
                            "id": "test"
                        },
                        "test__T1w_warped.nii.gz"
                    ]
                ],
                "inverse_affine": [
                    [
                        {
                            "id": "test"
                        },
                        "test__backward0_affine.mat"
                    ]
                ],
                "inverse_image_transform": [
                    [
                        {
                            "id": "test"
                        },
                        "test__backward0_affine.mat",
                        "test__backward1_warp.nii.gz"
                    ]
                ],
                "inverse_tractogram_transform": [
                    [
                        {
                            "id": "test"
                        },
                        "test__forward0_warp.nii.gz",
                        "test__forward1_affine.mat"
                    ]
                ],
                "inverse_warp": [
                    [
                        {
                            "id": "test"
                        },
                        "test__backward1_warp.nii.gz"
                    ]
                ],
                "mqc": [
                    [
                        {
                            "id": "test"
                        },
                        "test_registration_anattodwi_mqc.gif"
                    ]
                ],
                "tractogram_transform": [
                    [
                        {
                            "id": "test"
                        },
                        "test__backward0_affine.mat",
                        "test__backward1_warp.nii.gz"
                    ]
                ],
                "versions": [
                    "versions.yml:md5,0f0af6043cb0549dd850d1f59d0c7190"
                ]
            }
        ],
        "meta": {
            "nf-test": "0.9.0",
            "nextflow": "25.04.7"
        },
        "timestamp": "2025-10-17T17:41:51.560683985"
    },
    "registration - SyNQuick": {
        "content": [
            {
                "affine": [
                    [
                        {
                            "id": "test"
                        },
                        "test__forward1_affine.mat"
                    ]
                ],
                "image_transform": [
                    [
                        {
                            "id": "test"
                        },
                        "test__forward0_warp.nii.gz",
                        "test__forward1_affine.mat"
                    ]
                ],
                "image_warped": [
                    [
                        {
                            "id": "test"
                        },
                        "test__t1_warped.nii.gz"
                    ]
                ],
                "inverse_affine": [
                    [
                        {
                            "id": "test"
                        },
                        "test__backward0_affine.mat"
                    ]
                ],
                "inverse_image_transform": [
                    [
                        {
                            "id": "test"
                        },
                        "test__backward0_affine.mat",
                        "test__backward1_warp.nii.gz"
                    ]
                ],
                "inverse_tractogram_transform": [
                    [
                        {
                            "id": "test"
                        },
                        "test__forward0_warp.nii.gz",
                        "test__forward1_affine.mat"
                    ]
                ],
                "inverse_warp": [
                    [
                        {
                            "id": "test"
                        },
                        "test__backward1_warp.nii.gz"
                    ]
                ],
                "tractogram_transform": [
                    [
                        {
                            "id": "test"
                        },
                        "test__backward0_affine.mat",
                        "test__backward1_warp.nii.gz"
                    ]
                ],
                "versions": [
                    "versions.yml:md5,42f2dcb95a2cf29b157dbaebf162d2dd"
                ]
            }
        ],
        "meta": {
            "nf-test": "0.9.0",
            "nextflow": "25.04.7"
        },
        "timestamp": "2025-10-17T17:41:57.285829729"
    }
}