{
    "mqc - stub-run": {
        "content": [
            [
                "versions.yml:md5,8b1d9a1d7f1818ee1df135c8014bd00f"
            ]
        ],
        "meta": {
            "nf-test": "0.9.0",
            "nextflow": "25.04.7"
        },
        "timestamp": "2025-09-22T19:14:24.430447807"
    },
    "mqc - 4d": {
        "content": [
            {
                "0": [
                    [
                        {
                            "id": "test",
                            "single_end": false
                        },
                        "test_dwi_screenshots_merged_mqc.gif:md5,1058cfd9e6a0740fe2a735081f584983"
                    ]
                ],
                "1": [
                    "versions.yml:md5,a9528b7738ce74145397dd5789ff7615"
                ],
                "mqc_screenshots": [
                    [
                        {
                            "id": "test",
                            "single_end": false
                        },
                        "test_dwi_screenshots_merged_mqc.gif:md5,1058cfd9e6a0740fe2a735081f584983"
                    ]
                ],
                "versions": [
                    "versions.yml:md5,a9528b7738ce74145397dd5789ff7615"
                ]
            }
        ],
        "meta": {
            "nf-test": "0.9.2",
            "nextflow": "25.04.7"
        },
        "timestamp": "2025-09-24T17:58:48.421314"
    },
    "mqc - option": {
        "content": [
            {
                "0": [
                    [
                        {
                            "id": "test",
                            "single_end": false
                        },
                        "test_T1_to_mask_screenshots_merged_mqc.gif:md5,d52c794e35bffb08d05f1fa4a5ce3d86"
                    ]
                ],
                "1": [
                    "versions.yml:md5,a9528b7738ce74145397dd5789ff7615"
                ],
                "mqc_screenshots": [
                    [
                        {
                            "id": "test",
                            "single_end": false
                        },
                        "test_T1_to_mask_screenshots_merged_mqc.gif:md5,d52c794e35bffb08d05f1fa4a5ce3d86"
                    ]
                ],
                "versions": [
                    "versions.yml:md5,a9528b7738ce74145397dd5789ff7615"
                ]
            }
        ],
        "meta": {
            "nf-test": "0.9.2",
            "nextflow": "25.04.7"
        },
        "timestamp": "2025-09-24T17:51:42.003411"
    },
    "mqc - comparison": {
        "content": [
            {
                "0": [
                    [
                        {
                            "id": "test",
                            "single_end": false
                        },
                        "test__screenshots_merged_mqc.gif:md5,1f4084b86a2704364d7124b6305dd566"
                    ]
                ],
                "1": [
                    "versions.yml:md5,a9528b7738ce74145397dd5789ff7615"
                ],
                "mqc_screenshots": [
                    [
                        {
                            "id": "test",
                            "single_end": false
                        },
                        "test__screenshots_merged_mqc.gif:md5,1f4084b86a2704364d7124b6305dd566"
                    ]
                ],
                "versions": [
                    "versions.yml:md5,a9528b7738ce74145397dd5789ff7615"
                ]
            }
        ],
        "meta": {
            "nf-test": "0.9.2",
            "nextflow": "25.04.7"
        },
        "timestamp": "2025-09-24T17:50:30.060469"
    }
}