{
    "preproc - normalize - dti shells": {
        "content": [
            {
                "0": [
                    [
                        {
                            "id": "test",
                            "single_end": false
                        },
                        "test__dwi_normalized.nii.gz:md5,bdfc920edb19a60914d3a462374178d0"
                    ]
                ],
                "1": [
                    [
                        {
                            "id": "test",
                            "single_end": false
                        },
                        "test_fa_wm_mask.nii.gz:md5,be9ac1082ede3ba192e8c1169338c47b"
                    ]
                ],
                "2": [
                    "versions.yml:md5,0b9d822f6613cea7d6913dbf0f4cee5a"
                ],
                "dwi": [
                    [
                        {
                            "id": "test",
                            "single_end": false
                        },
                        "test__dwi_normalized.nii.gz:md5,bdfc920edb19a60914d3a462374178d0"
                    ]
                ],
                "mask": [
                    [
                        {
                            "id": "test",
                            "single_end": false
                        },
                        "test_fa_wm_mask.nii.gz:md5,be9ac1082ede3ba192e8c1169338c47b"
                    ]
                ],
                "versions": [
                    "versions.yml:md5,0b9d822f6613cea7d6913dbf0f4cee5a"
                ]
            }
        ],
        "meta": {
            "nf-test": "0.9.2",
            "nextflow": "25.04.7"
        },
        "timestamp": "2025-09-30T13:48:46.745248"
    },
    "preproc - normalize": {
        "content": [
            {
                "0": [
                    [
                        {
                            "id": "test",
                            "single_end": false
                        },
                        "test__dwi_normalized.nii.gz:md5,e02a00bbcf94ad68b055736a997e13b0"
                    ]
                ],
                "1": [
                    [
                        {
                            "id": "test",
                            "single_end": false
                        },
                        "test_fa_wm_mask.nii.gz:md5,11ad2a3c1d2e97e29e074a25e09b7aa2"
                    ]
                ],
                "2": [
                    "versions.yml:md5,0b9d822f6613cea7d6913dbf0f4cee5a"
                ],
                "dwi": [
                    [
                        {
                            "id": "test",
                            "single_end": false
                        },
                        "test__dwi_normalized.nii.gz:md5,e02a00bbcf94ad68b055736a997e13b0"
                    ]
                ],
                "mask": [
                    [
                        {
                            "id": "test",
                            "single_end": false
                        },
                        "test_fa_wm_mask.nii.gz:md5,11ad2a3c1d2e97e29e074a25e09b7aa2"
                    ]
                ],
                "versions": [
                    "versions.yml:md5,0b9d822f6613cea7d6913dbf0f4cee5a"
                ]
            }
        ],
        "meta": {
            "nf-test": "0.9.2",
            "nextflow": "25.04.7"
        },
        "timestamp": "2025-09-30T13:48:12.046836"
    },
    "preproc - normalize - stub-run": {
        "content": [
            [
                "versions.yml:md5,0b9d822f6613cea7d6913dbf0f4cee5a"
            ]
        ],
        "meta": {
            "nf-test": "0.9.2",
            "nextflow": "25.04.7"
        },
        "timestamp": "2025-09-30T13:49:13.841849"
    }
}