{
    "segmentation - synthseg - options": {
        "content": [
            "test__mask_wm.nii.gz",
            "test__mask_gm.nii.gz",
            "test__mask_csf.nii.gz",
            "test__map_wm.nii.gz",
            "test__map_gm.nii.gz",
            "test__map_csf.nii.gz",
            "test__aparc_aseg.nii.gz",
            "test__resampled_image.nii.gz:md5:header,728dfc231a3dfcf567ac640930f68629,data,1f02837025def8b0701f79549c2955e1",
            [
                
            ],
            [
                
            ],
            [
                "versions.yml:md5,b65418e9ce2ab1cce590b1f659e18c1d"
            ]
        ],
        "meta": {
            "nf-test": "0.9.0",
            "nextflow": "24.04.4"
        },
        "timestamp": "2024-10-12T03:42:10.76796495"
    },
    "segmentation - synthseg - basic": {
        "content": [
            "test__mask_wm.nii.gz",
            "test__mask_gm.nii.gz",
            "test__mask_csf.nii.gz",
            "test__map_wm.nii.gz",
            "test__map_gm.nii.gz",
            "test__map_csf.nii.gz",
            "test__seg.nii.gz",
            [
                "versions.yml:md5,b65418e9ce2ab1cce590b1f659e18c1d"
            ]
        ],
        "meta": {
            "nf-test": "0.9.0",
            "nextflow": "24.04.4"
        },
        "timestamp": "2024-10-12T03:35:07.078841663"
    },
    "segmentation - synthseg - lesion": {
        "content": [
            "test__mask_wm.nii.gz",
            "test__mask_gm.nii.gz",
            "test__mask_csf.nii.gz",
            "test__map_wm.nii.gz",
            "test__map_gm.nii.gz",
            "test__map_csf.nii.gz",
            "test__seg.nii.gz",
            [
                "versions.yml:md5,b65418e9ce2ab1cce590b1f659e18c1d"
            ]
        ],
        "meta": {
            "nf-test": "0.9.0",
            "nextflow": "24.04.4"
        },
        "timestamp": "2024-10-12T03:50:05.836734582"
    }
}