{
    "preproc_dwi_rev_dwi_nob0": {
        "content": [
            [
                [
                    {
                        "id": "test",
                        "single_end": false
                    },
                    "test__dwi_eddy_corrected.bval:md5,8192e97b08e8032382397bb844b31892"
                ]
            ],
            [
                "versions.yml:md5,0280006ceecc575513278292734ffb27",
                "versions.yml:md5,0b8c908e52917b0b706fc9d1b4d6cd24",
                "versions.yml:md5,10ec368dc91791041043fddf6ea3d5c9",
                "versions.yml:md5,4d9548c7486e8dbb65af71f143ed331c",
                "versions.yml:md5,571265e710ca29198e69be22c0f970d5",
                "versions.yml:md5,662ea558da42564a0f6140473132bcb4",
                "versions.yml:md5,7ddf2e98f59b19c9b933670550f26ad7",
                "versions.yml:md5,9ed0cfbbfa39c46a53dbe911a68cbc88",
                "versions.yml:md5,be7d5bfaf3bf493f62efa98e274cc01d",
                "versions.yml:md5,c15ba5efd24564dba4710b6da8c4b791",
                "versions.yml:md5,ea5858879452a59bb355228ae7f38111",
                "versions.yml:md5,f041502e22449973d84ac1c618e8ebf9"
            ],
            "test_b0.nii.gz",
            "test_resampled.nii.gz",
            "test__dwi_eddy_corrected.bvec",
            "test__image_boundingBox.pkl",
            "test__image_n4.nii.gz",
            "test_resampled.nii.gz",
            "test__dwi_corrected.nii.gz"
        ],
        "meta": {
            "nf-test": "0.9.2",
            "nextflow": "24.10.3"
        },
        "timestamp": "2025-02-28T08:50:35.321464"
    },
    "preproc_dwi_rev_b0": {
        "content": [
            [
                [
                    {
                        "id": "test",
                        "single_end": false
                    },
                    "test__dwi_eddy_corrected.bval:md5,8192e97b08e8032382397bb844b31892"
                ]
            ],
            [
                "versions.yml:md5,0280006ceecc575513278292734ffb27",
                "versions.yml:md5,0b8c908e52917b0b706fc9d1b4d6cd24",
                "versions.yml:md5,10ec368dc91791041043fddf6ea3d5c9",
                "versions.yml:md5,571265e710ca29198e69be22c0f970d5",
                "versions.yml:md5,7ddf2e98f59b19c9b933670550f26ad7",
                "versions.yml:md5,9ed0cfbbfa39c46a53dbe911a68cbc88",
                "versions.yml:md5,be7d5bfaf3bf493f62efa98e274cc01d",
                "versions.yml:md5,c15ba5efd24564dba4710b6da8c4b791",
                "versions.yml:md5,ea5858879452a59bb355228ae7f38111",
                "versions.yml:md5,f041502e22449973d84ac1c618e8ebf9"
            ],
            "test_b0.nii.gz",
            "test_resampled.nii.gz",
            "test__dwi_eddy_corrected.bvec",
            "test__image_boundingBox.pkl",
            "test__image_n4.nii.gz",
            "test_resampled.nii.gz",
            "test__dwi_corrected.nii.gz"
        ],
        "meta": {
            "nf-test": "0.9.2",
            "nextflow": "24.10.3"
        },
        "timestamp": "2025-02-28T08:47:25.557731"
    },
    "preproc_dwi_all_options": {
        "content": [
            [
                [
                    {
                        "id": "test",
                        "single_end": false
                    },
                    "test__dwi_eddy_corrected.bval:md5,8192e97b08e8032382397bb844b31892"
                ]
            ],
            [
                "versions.yml:md5,0280006ceecc575513278292734ffb27",
                "versions.yml:md5,0b8c908e52917b0b706fc9d1b4d6cd24",
                "versions.yml:md5,10ec368dc91791041043fddf6ea3d5c9",
                "versions.yml:md5,4d9548c7486e8dbb65af71f143ed331c",
                "versions.yml:md5,571265e710ca29198e69be22c0f970d5",
                "versions.yml:md5,662ea558da42564a0f6140473132bcb4",
                "versions.yml:md5,7ddf2e98f59b19c9b933670550f26ad7",
                "versions.yml:md5,9ed0cfbbfa39c46a53dbe911a68cbc88",
                "versions.yml:md5,be7d5bfaf3bf493f62efa98e274cc01d",
                "versions.yml:md5,c15ba5efd24564dba4710b6da8c4b791",
                "versions.yml:md5,ea5858879452a59bb355228ae7f38111",
                "versions.yml:md5,f041502e22449973d84ac1c618e8ebf9"
            ],
            "test_b0.nii.gz",
            "test_resampled.nii.gz",
            "test__dwi_eddy_corrected.bvec",
            "test__image_boundingBox.pkl",
            "test__image_n4.nii.gz",
            "test_resampled.nii.gz",
            "test__dwi_corrected.nii.gz"
        ],
        "meta": {
            "nf-test": "0.9.2",
            "nextflow": "24.10.3"
        },
        "timestamp": "2025-02-28T08:53:44.242823"
    }
}