{
    "preproc_dwi_rev_dwi_nob0": {
        "content": [
            [
                [
                    {
                        "id": "test",
                        "single_end": false
                    },
                    "test__bval_eddy:md5,4c61c53078316c31b4d5daf446a3d6ac"
                ]
            ],
            [
                "versions.yml:md5,0280006ceecc575513278292734ffb27",
                "versions.yml:md5,0b8c908e52917b0b706fc9d1b4d6cd24",
                "versions.yml:md5,0e680a0c6b56892e1a7ec7f85bb95322",
                "versions.yml:md5,3340c4b5e56ca52f7342be3c9044eb47",
                "versions.yml:md5,7ddf2e98f59b19c9b933670550f26ad7",
                "versions.yml:md5,b34891b6b1ba869be33799b2904aad99",
                "versions.yml:md5,c15ba5efd24564dba4710b6da8c4b791",
                "versions.yml:md5,d3010f785c88ee5946806a8a758e7efb",
                "versions.yml:md5,d68fe3399120f84f1add62181708780b",
                "versions.yml:md5,ea5858879452a59bb355228ae7f38111",
                "versions.yml:md5,f041502e22449973d84ac1c618e8ebf9"
            ],
            "test_b0.nii.gz",
            "test_resampled.nii.gz",
            "test__dwi_eddy_corrected.bvec",
            "test__image_boundingBox.pkl",
            "test__image_n4.nii.gz",
            "test_resampled.nii.gz",
            "test__dwi_corrected.nii.gz"
        ],
        "meta": {
            "nf-test": "0.9.0",
            "nextflow": "24.04.4"
        },
        "timestamp": "2024-11-01T17:09:44.502618804"
    },
    "preproc_dwi_rev_b0": {
        "content": [
            [
                [
                    {
                        "id": "test",
                        "single_end": false
                    },
                    "test__bval_eddy:md5,8192e97b08e8032382397bb844b31892"
                ]
            ],
            [
                "versions.yml:md5,0280006ceecc575513278292734ffb27",
                "versions.yml:md5,0b8c908e52917b0b706fc9d1b4d6cd24",
                "versions.yml:md5,0e680a0c6b56892e1a7ec7f85bb95322",
                "versions.yml:md5,3340c4b5e56ca52f7342be3c9044eb47",
                "versions.yml:md5,7ddf2e98f59b19c9b933670550f26ad7",
                "versions.yml:md5,b34891b6b1ba869be33799b2904aad99",
                "versions.yml:md5,c15ba5efd24564dba4710b6da8c4b791",
                "versions.yml:md5,d3010f785c88ee5946806a8a758e7efb",
                "versions.yml:md5,ea5858879452a59bb355228ae7f38111",
                "versions.yml:md5,f041502e22449973d84ac1c618e8ebf9"
            ],
            "test_b0.nii.gz",
            "test_resampled.nii.gz",
            "test__dwi_eddy_corrected.bvec",
            "test__image_boundingBox.pkl",
            "test__image_n4.nii.gz",
            "test_resampled.nii.gz",
            "test__dwi_corrected.nii.gz"
        ],
        "meta": {
            "nf-test": "0.9.0",
            "nextflow": "24.04.4"
        },
        "timestamp": "2024-11-01T17:04:12.699334691"
    }
}