{
    "preproc - n4 - dwi": {
        "content": [
            {
                "0": [
                    [
                        {
                            "id": "test",
                            "single_end": false
                        },
                        "test__image_n4.nii.gz:md5,b2ed0364b6c784952e0564afc95b462c"
                    ]
                ],
                "1": [
                    "versions.yml:md5,08cced153fb00b483f3a59216e05aaff"
                ],
                "image": [
                    [
                        {
                            "id": "test",
                            "single_end": false
                        },
                        "test__image_n4.nii.gz:md5,b2ed0364b6c784952e0564afc95b462c"
                    ]
                ],
                "versions": [
                    "versions.yml:md5,08cced153fb00b483f3a59216e05aaff"
                ]
            }
        ],
        "meta": {
            "nf-test": "0.9.2",
            "nextflow": "25.04.2"
        },
        "timestamp": "2025-06-04T10:44:22.933264"
    },
    "preproc - n4 - anat": {
        "content": [
            {
                "0": [
                    [
                        {
                            "id": "test",
                            "single_end": false
                        },
                        "test__image_n4.nii.gz:md5,a0329a81f3cc26dfa04e3fb8c6e6dc66"
                    ]
                ],
                "1": [
                    "versions.yml:md5,08cced153fb00b483f3a59216e05aaff"
                ],
                "image": [
                    [
                        {
                            "id": "test",
                            "single_end": false
                        },
                        "test__image_n4.nii.gz:md5,a0329a81f3cc26dfa04e3fb8c6e6dc66"
                    ]
                ],
                "versions": [
                    "versions.yml:md5,08cced153fb00b483f3a59216e05aaff"
                ]
            }
        ],
        "meta": {
            "nf-test": "0.9.2",
            "nextflow": "25.04.2"
        },
        "timestamp": "2025-06-04T10:49:01.917093"
    }
}