{
    "preproc - n4 - dwi": {
        "content": [
            {
                "0": [
                    [
                        {
                            "id": "test",
                            "single_end": false
                        },
                        "test__image_n4.nii.gz:md5,342a65ebd5e1405213d39e5ebfa33d36"
                    ]
                ],
                "1": [
                    "versions.yml:md5,08cced153fb00b483f3a59216e05aaff"
                ],
                "image": [
                    [
                        {
                            "id": "test",
                            "single_end": false
                        },
                        "test__image_n4.nii.gz:md5,342a65ebd5e1405213d39e5ebfa33d36"
                    ]
                ],
                "versions": [
                    "versions.yml:md5,08cced153fb00b483f3a59216e05aaff"
                ]
            }
        ],
        "meta": {
            "nf-test": "0.9.2",
            "nextflow": "25.04.2"
        },
        "timestamp": "2025-06-12T14:20:31.662518"
    },
    "preproc - n4 - anat": {
        "content": [
            {
                "0": [
                    [
                        {
                            "id": "test",
                            "single_end": false
                        },
                        "test__image_n4.nii.gz:md5,84ed388ef8b1e5339be377fd5f65b979"
                    ]
                ],
                "1": [
                    "versions.yml:md5,08cced153fb00b483f3a59216e05aaff"
                ],
                "image": [
                    [
                        {
                            "id": "test",
                            "single_end": false
                        },
                        "test__image_n4.nii.gz:md5,84ed388ef8b1e5339be377fd5f65b979"
                    ]
                ],
                "versions": [
                    "versions.yml:md5,08cced153fb00b483f3a59216e05aaff"
                ]
            }
        ],
        "meta": {
            "nf-test": "0.9.2",
            "nextflow": "25.04.2"
        },
        "timestamp": "2025-06-12T15:00:39.228198"
    }
}