{
    "atlas_roimetrics - IIT atlas - weighted": {
        "content": [
            {
                "mask_stats_json": [
                    [
                        {
                            "id": "test",
                            "single_end": false
                        },
                        "test_stats.json"
                    ]
                ],
                "mask_stats_tab_mean": [
                    [
                        {
                            "id": "test",
                            "single_end": false
                        },
                        "test_desc-mean_stats.tsv"
                    ]
                ],
                "mask_stats_tab_std": [
                    [
                        {
                            "id": "test",
                            "single_end": false
                        },
                        "test_desc-std_stats.tsv"
                    ]
                ],
                "versions": [
                    "versions.yml:md5,00d3a53c47c3bf6caf683f6659218a64",
                    "versions.yml:md5,4ae7d5bbb358f56c945115cb4e617991",
                    "versions.yml:md5,59809bce7ccc6bf1272bbc9af9d8e9ac"
                ]
            }
        ],
        "timestamp": "2026-08-22T18:08:48.831839897",
        "meta": {
            "nf-test": "0.9.5",
            "nextflow": "26.04.4"
        }
    },
    "atlas_roimetrics - IIT atlas - both sources, both outputs": {
        "content": [
            {
                "labelmap_stats_json": [
                    [
                        {
                            "id": "test",
                            "single_end": false
                        },
                        "test_stats.json"
                    ]
                ],
                "labelmap_stats_tab_mean": [
                    [
                        {
                            "id": "test",
                            "single_end": false
                        },
                        "test_desc-mean_stats.tsv"
                    ]
                ],
                "labelmap_stats_tab_std": [
                    [
                        {
                            "id": "test",
                            "single_end": false
                        },
                        "test_desc-std_stats.tsv"
                    ]
                ],
                "labelmap_volumes": [
                    [
                        {
                            "id": "test",
                            "single_end": false
                        },
                        "test_volumes.csv"
                    ]
                ],
                "mask_stats_json": [
                    [
                        {
                            "id": "test",
                            "single_end": false
                        },
                        "test_stats.json"
                    ]
                ],
                "mask_stats_tab_mean": [
                    [
                        {
                            "id": "test",
                            "single_end": false
                        },
                        "test_desc-mean_stats.tsv"
                    ]
                ],
                "mask_stats_tab_std": [
                    [
                        {
                            "id": "test",
                            "single_end": false
                        },
                        "test_desc-std_stats.tsv"
                    ]
                ],
                "mask_volumes": [
                    [
                        {
                            "id": "test",
                            "single_end": false
                        },
                        "test_volumes.csv"
                    ]
                ],
                "versions": [
                    "versions.yml:md5,00d3a53c47c3bf6caf683f6659218a64",
                    "versions.yml:md5,09bc025600bffe8e8d4ee5d6a4746d90",
                    "versions.yml:md5,4ae7d5bbb358f56c945115cb4e617991",
                    "versions.yml:md5,59809bce7ccc6bf1272bbc9af9d8e9ac",
                    "versions.yml:md5,5aab53e71beaecf093af3c8c77d28e9e",
                    "versions.yml:md5,ab1f5e2c45ba3e9d1810f6e22a425d5f",
                    "versions.yml:md5,b42b47a62121377427d444d9f955daea",
                    "versions.yml:md5,df48bea11ad4fde0e42c6745a2daf11a"
                ]
            }
        ],
        "timestamp": "2026-08-22T18:10:20.466566188",
        "meta": {
            "nf-test": "0.9.5",
            "nextflow": "26.04.4"
        }
    },
    "atlas_roimetrics - pre-registered atlas - no download or registration": {
        "content": [
            {
                "mask_volumes": [
                    [
                        {
                            "id": "test",
                            "single_end": false
                        },
                        "test_volumes.csv"
                    ]
                ],
                "versions": [
                    "versions.yml:md5,09bc025600bffe8e8d4ee5d6a4746d90"
                ]
            }
        ],
        "timestamp": "2026-08-22T18:12:19.628219669",
        "meta": {
            "nf-test": "0.9.5",
            "nextflow": "26.04.4"
        }
    },
    "atlas_roimetrics - IIT atlas - labelmap only skips the bundle transform": {
        "content": [
            {
                "labelmap_stats_json": [
                    [
                        {
                            "id": "test",
                            "single_end": false
                        },
                        "test_stats.json"
                    ]
                ],
                "labelmap_stats_tab_mean": [
                    [
                        {
                            "id": "test",
                            "single_end": false
                        },
                        "test_desc-mean_stats.tsv"
                    ]
                ],
                "labelmap_stats_tab_std": [
                    [
                        {
                            "id": "test",
                            "single_end": false
                        },
                        "test_desc-std_stats.tsv"
                    ]
                ],
                "labelmap_volumes": [
                    [
                        {
                            "id": "test",
                            "single_end": false
                        },
                        "test_volumes.csv"
                    ]
                ],
                "versions": [
                    "versions.yml:md5,4ae7d5bbb358f56c945115cb4e617991",
                    "versions.yml:md5,ab1f5e2c45ba3e9d1810f6e22a425d5f",
                    "versions.yml:md5,b42b47a62121377427d444d9f955daea",
                    "versions.yml:md5,df48bea11ad4fde0e42c6745a2daf11a"
                ]
            }
        ],
        "timestamp": "2026-08-22T18:12:11.110968442",
        "meta": {
            "nf-test": "0.9.5",
            "nextflow": "26.04.4"
        }
    },
    "atlas_roimetrics - IIT atlas - masks, volumes only": {
        "content": [
            {
                "mask_volumes": [
                    [
                        {
                            "id": "test",
                            "single_end": false
                        },
                        "test_volumes.csv"
                    ]
                ],
                "versions": [
                    "versions.yml:md5,09bc025600bffe8e8d4ee5d6a4746d90",
                    "versions.yml:md5,4ae7d5bbb358f56c945115cb4e617991",
                    "versions.yml:md5,59809bce7ccc6bf1272bbc9af9d8e9ac",
                    "versions.yml:md5,5aab53e71beaecf093af3c8c77d28e9e"
                ]
            }
        ],
        "timestamp": "2026-08-22T18:11:44.860735397",
        "meta": {
            "nf-test": "0.9.5",
            "nextflow": "26.04.4"
        }
    },
    "atlas_roimetrics - pre-registered atlas - masks and labelmap together": {
        "content": [
            {
                "labelmap_volumes": [
                    [
                        {
                            "id": "test",
                            "single_end": false
                        },
                        "test_volumes.csv"
                    ]
                ],
                "mask_volumes": [
                    [
                        {
                            "id": "test",
                            "single_end": false
                        },
                        "test_volumes.csv"
                    ]
                ],
                "versions": [
                    "versions.yml:md5,09bc025600bffe8e8d4ee5d6a4746d90",
                    "versions.yml:md5,df48bea11ad4fde0e42c6745a2daf11a"
                ]
            }
        ],
        "timestamp": "2026-08-22T18:12:27.691703023",
        "meta": {
            "nf-test": "0.9.5",
            "nextflow": "26.04.4"
        }
    },
    "atlas_roimetrics - IIT atlas - binary": {
        "content": [
            {
                "mask_stats_json": [
                    [
                        {
                            "id": "test",
                            "single_end": false
                        },
                        "test_stats.json"
                    ]
                ],
                "mask_stats_tab_mean": [
                    [
                        {
                            "id": "test",
                            "single_end": false
                        },
                        "test_desc-mean_stats.tsv"
                    ]
                ],
                "mask_stats_tab_std": [
                    [
                        {
                            "id": "test",
                            "single_end": false
                        },
                        "test_desc-std_stats.tsv"
                    ]
                ],
                "versions": [
                    "versions.yml:md5,00d3a53c47c3bf6caf683f6659218a64",
                    "versions.yml:md5,4ae7d5bbb358f56c945115cb4e617991",
                    "versions.yml:md5,59809bce7ccc6bf1272bbc9af9d8e9ac",
                    "versions.yml:md5,5aab53e71beaecf093af3c8c77d28e9e"
                ]
            }
        ],
        "timestamp": "2026-08-22T18:08:23.465449305",
        "meta": {
            "nf-test": "0.9.5",
            "nextflow": "26.04.4"
        }
    }
}