{
    "atlas_roimetrics - IIT atlas - weighted": {
        "content": [
            {
                "stats_json": [
                    [
                        {
                            "id": "test",
                            "single_end": false
                        },
                        "test_stats.json"
                    ]
                ],
                "stats_tab_mean": [
                    [
                        {
                            "id": "test",
                            "single_end": false
                        },
                        "test_desc-mean_stats.tsv"
                    ]
                ],
                "stats_tab_std": [
                    [
                        {
                            "id": "test",
                            "single_end": false
                        },
                        "test_desc-std_stats.tsv"
                    ]
                ],
                "versions": [
                    "versions.yml:md5,10c3c16a89dcab69d4b036e0569aa826",
                    "versions.yml:md5,3866571f819aa78d2b2d019c8df1a88b",
                    "versions.yml:md5,8aa94f32f1b3ebf1e271e7b92d230964"
                ]
            }
        ],
        "meta": {
            "nf-test": "0.9.3",
            "nextflow": "25.10.2"
        },
        "timestamp": "2026-09-03T11:02:13.321063094"
    },
    "atlas_roimetrics - IIT atlas - binary": {
        "content": [
            {
                "stats_json": [
                    [
                        {
                            "id": "test",
                            "single_end": false
                        },
                        "test_stats.json"
                    ]
                ],
                "stats_tab_mean": [
                    [
                        {
                            "id": "test",
                            "single_end": false
                        },
                        "test_desc-mean_stats.tsv"
                    ]
                ],
                "stats_tab_std": [
                    [
                        {
                            "id": "test",
                            "single_end": false
                        },
                        "test_desc-std_stats.tsv"
                    ]
                ],
                "versions": [
                    "versions.yml:md5,10c3c16a89dcab69d4b036e0569aa826",
                    "versions.yml:md5,3866571f819aa78d2b2d019c8df1a88b",
                    "versions.yml:md5,5aab53e71beaecf093af3c8c77d28e9e",
                    "versions.yml:md5,8aa94f32f1b3ebf1e271e7b92d230964"
                ]
            }
        ],
        "meta": {
            "nf-test": "0.9.3",
            "nextflow": "25.10.2"
        },
        "timestamp": "2026-09-03T11:01:47.261129436"
    }
}