{
    "registration - synthregistration": {
        "content": [
            "test__output_warped.nii.gz:md5:header,616ccfd9e4dd6202483736565cca4946,data,81a995f1f9c8ff28b60206767528f078",
            [
                [
                    {
                        "id": "test",
                        "single_end": false
                    },
                    "test__affine_warp.lta:md5,86e977bba905112ce22d18fe265321f4"
                ]
            ],
            "test__deform_warp.nii.gz:md5:header,513f2229597974a5b77a761d52d2c671,data,694f8b2b18234277cb8eebd60ab18c16",
            [
                "versions.yml:md5,49fb9c85da9f696926d1ab46ef0968fb"
            ]
        ],
        "meta": {
            "nf-test": "0.9.0",
            "nextflow": "24.04.4"
        },
        "timestamp": "2024-09-25T01:17:49.969972"
    }
}