{
    "topup - stub-run": {
        "content": [
            [
                "versions.yml:md5,9686d5724a965cb21e91e0a10f9cd79e"
            ]
        ],
        "meta": {
            "nf-test": "0.9.0",
            "nextflow": "25.04.7"
        },
        "timestamp": "2025-09-23T03:24:36.88373882"
    },
    "topup - AP DWI+sbref | PA DWI+sbref": {
        "content": [
            "test__corrected_b0s.nii.gz",
            "topup_results_fieldcoef.nii.gz",
            "topup_results_movpar.txt",
            "test__rev_b0_warped.nii.gz",
            [
                [
                    {
                        "id": "test",
                        "single_end": false
                    },
                    "test__rev_b0_mean.nii.gz:md5,a0c63d7a8a234d85eeb63045ae2a8f60"
                ]
            ],
            [
                [
                    {
                        "id": "test",
                        "single_end": false
                    },
                    "test__b0_mean.nii.gz:md5,f50e652bcdd1d45f7a4c592df7eb851a"
                ]
            ],
            "test__b0_topup_mqc.gif",
            "test__rev_b0_topup_mqc.gif",
            [
                "versions.yml:md5,7462a97a81686bf4269546c1ce94acb0"
            ]
        ],
        "meta": {
            "nf-test": "0.9.0",
            "nextflow": "25.04.7"
        },
        "timestamp": "2025-09-23T03:23:13.786659219"
    },
    "topup - AP DWI | PA sbref": {
        "content": [
            "test1__corrected_b0s.nii.gz",
            "topup_results_fieldcoef.nii.gz",
            "topup_results_movpar.txt",
            "test1__rev_b0_warped.nii.gz",
            [
                [
                    {
                        "id": "test1",
                        "single_end": false
                    },
                    "test1__rev_b0_mean.nii.gz:md5,a0c63d7a8a234d85eeb63045ae2a8f60"
                ],
                [
                    {
                        "id": "test2",
                        "single_end": false
                    },
                    "test2__rev_b0_mean.nii.gz:md5,a0c63d7a8a234d85eeb63045ae2a8f60"
                ]
            ],
            [
                [
                    {
                        "id": "test1",
                        "single_end": false
                    },
                    "test1__b0_mean.nii.gz:md5,91288914a80e7866ef8b08a363d617f9"
                ],
                [
                    {
                        "id": "test2",
                        "single_end": false
                    },
                    "test2__b0_mean.nii.gz:md5,91288914a80e7866ef8b08a363d617f9"
                ]
            ],
            "test1__b0_topup_mqc.gif",
            "test1__rev_b0_topup_mqc.gif",
            [
                "versions.yml:md5,7462a97a81686bf4269546c1ce94acb0",
                "versions.yml:md5,7462a97a81686bf4269546c1ce94acb0"
            ]
        ],
        "meta": {
            "nf-test": "0.9.0",
            "nextflow": "25.04.7"
        },
        "timestamp": "2025-09-23T03:24:22.082433334"
    }
}
