{
    "reconst - stub-run dtimetrics": {
        "content": [
            [
                "versions.yml:md5,c7a6b86e604d3b25340611cec27c758a"
            ]
        ],
        "meta": {
            "nf-test": "0.9.0",
            "nextflow": "24.10.4"
        },
        "timestamp": "2025-03-06T15:57:03.763217558"
    },
    "reconst - dtimetrics_with_b0mask": {
        "content": [
            "test__fa.nii.gz:md5:header,c9e720b9a8acfe45a617e6486ebb8de0,data,29c72b28d8169360dd84e649b92f8cef",
            [
                "versions.yml:md5,76869f1b7075822c64ec0ff67408144a"
            ]
        ],
        "meta": {
            "nf-test": "0.9.2",
            "nextflow": "24.10.5"
        },
        "timestamp": "2025-03-20T22:08:07.185382"
    },
    "reconst - dtimetrics": {
        "content": [
            "test__ad.nii.gz:md5:header,c9e720b9a8acfe45a617e6486ebb8de0,data,b0819a7ed5aa4a4fcc211bcb327411cd",
            "test__dti_mqc.png",
            "test__evecs.nii.gz",
            "test__evecs_v1.nii.gz",
            "test__evecs_v2.nii.gz",
            "test__evecs_v3.nii.gz",
            "test__evals.nii.gz:md5:header,6a667c1adb8ac1636526963bb9091ea6,data,61b086023bc463476a79089e0e180685",
            "test__evals_e1.nii.gz:md5:header,c9e720b9a8acfe45a617e6486ebb8de0,data,b0819a7ed5aa4a4fcc211bcb327411cd",
            "test__evals_e2.nii.gz:md5:header,c9e720b9a8acfe45a617e6486ebb8de0,data,f3eed4631ad9bcb737b036177c4c0b86",
            "test__evals_e3.nii.gz:md5:header,c9e720b9a8acfe45a617e6486ebb8de0,data,79cd7ff381c46a55c6ff52433c87f7ee",
            "test__fa.nii.gz:md5:header,c9e720b9a8acfe45a617e6486ebb8de0,data,29c72b28d8169360dd84e649b92f8cef",
            "test__ga.nii.gz:md5:header,c9e720b9a8acfe45a617e6486ebb8de0,data,d9f3450b1943034b3c98c13f0db6a6c2",
            "test__rgb.nii.gz:md5:header,952bd2b13b64d7f1b128af7d85191a18,data,4f6610da6ba3e86668b0e4e0eebe989d",
            "test__md.nii.gz:md5:header,c9e720b9a8acfe45a617e6486ebb8de0,data,c524379d24b3970db5af9d79ec1cec66",
            "test__mode.nii.gz",
            "test__norm.nii.gz:md5:header,c9e720b9a8acfe45a617e6486ebb8de0,data,d6e3990118e442765fdbe12efacfcb86",
            "test__rd.nii.gz:md5:header,c9e720b9a8acfe45a617e6486ebb8de0,data,b95468a48e8b753e633958a4b37ab17c",
            "test__tensor.nii.gz",
            "test__nonphysical.nii.gz:md5:header,0968ff06e75bcbd0d7b2dcbcc5bf6ff7,data,4e865d417aae67c66e2a7c681aacfcae",
            "test__pulsation_std_dwi.nii.gz:md5:header,c9e720b9a8acfe45a617e6486ebb8de0,data,62fe8dc99a6e3733c28b2c05281b6781",
            "test__pulsation_std_b0.nii.gz:md5:header,c9e720b9a8acfe45a617e6486ebb8de0,data,e5bed827c14a49c4ff1aa97844ade64f",
            "test__residual.nii.gz:md5:header,c9e720b9a8acfe45a617e6486ebb8de0,data,e8b36af54bc93412445f3c22f28e1713",
            [
                [
                    {
                        "id": "test"
                    },
                    "test__residual_iqr_residuals.npy:md5,3a6806626999ae2b9c2c1831aa8eccea"
                ]
            ],
            [
                [
                    {
                        "id": "test"
                    },
                    "test__residual_mean_residuals.npy:md5,8b2412fe2c7b533a10d755e2324d301d"
                ]
            ],
            [
                [
                    {
                        "id": "test"
                    },
                    "test__residual_q1_residuals.npy:md5,8d8055ac7d778df40cc43fcc878cc0bd"
                ]
            ],
            [
                [
                    {
                        "id": "test"
                    },
                    "test__residual_q3_residuals.npy:md5,fd931164fca9570ab15faf38f1e68c47"
                ]
            ],
            [
                [
                    {
                        "id": "test"
                    },
                    "test__residual_residuals_stats.png:md5,8a64fd9cce7e8bce7ce426152c953020"
                ]
            ],
            [
                [
                    {
                        "id": "test"
                    },
                    "test__residual_std_residuals.npy:md5,bc219ca4d0b49155a7fa202b661034e4"
                ]
            ],
            [
                "versions.yml:md5,76869f1b7075822c64ec0ff67408144a"
            ]
        ],
        "meta": {
            "nf-test": "0.9.2",
            "nextflow": "24.10.5"
        },
        "timestamp": "2025-03-20T22:07:17.621008"
    }
}