{
    "betcrop - synthbet - stub-run": {
        "content": [
            [
                "versions.yml:md5,c639461870ca534b5105f61d672f740f"
            ]
        ],
        "meta": {
            "nf-test": "0.9.0",
            "nextflow": "24.10.1"
        },
        "timestamp": "2024-12-12T10:54:37.644838"
    },
    "betcrop - synthbet": {
        "content": [
            {
                "0": [
                    [
                        {
                            "id": "test",
                            "single_end": false
                        },
                        "test__bet_image.nii.gz:md5,6f5eb365a11dfc52b8c80cd7bcee7b9d"
                    ]
                ],
                "1": [
                    [
                        {
                            "id": "test",
                            "single_end": false
                        },
                        "test__brain_mask.nii.gz:md5,52871114b59d09dca864cb0ea4f12832"
                    ]
                ],
                "2": [
                    "versions.yml:md5,c639461870ca534b5105f61d672f740f"
                ],
                "bet_image": [
                    [
                        {
                            "id": "test",
                            "single_end": false
                        },
                        "test__bet_image.nii.gz:md5,6f5eb365a11dfc52b8c80cd7bcee7b9d"
                    ]
                ],
                "brain_mask": [
                    [
                        {
                            "id": "test",
                            "single_end": false
                        },
                        "test__brain_mask.nii.gz:md5,52871114b59d09dca864cb0ea4f12832"
                    ]
                ],
                "versions": [
                    "versions.yml:md5,c639461870ca534b5105f61d672f740f"
                ]
            }
        ],
        "meta": {
            "nf-test": "0.9.0",
            "nextflow": "24.10.0"
        },
        "timestamp": "2024-11-25T18:19:01.459548926"
    }
}