{
    "output to template MNI152NLin2009aAsym - without brain mask": {
        "content": [
            {
                "ch_registered_anat": [
                    [
                        {
                            "id": "test"
                        },
                        "test__t1_warped.nii.gz"
                    ]
                ],
                "ch_t1w_tpl": [
                    "template__image_bet.nii.gz"
                ],
                "ch_t2w_tpl": [
                    "template__image_bet.nii.gz"
                ],
                "ch_warped_labels_files": [
                    [
                        {
                            "id": "test"
                        },
                        "test__IFGWM_labels_map__warped.nii.gz"
                    ]
                ],
                "ch_warped_nifti_files": [
                    [
                        {
                            "id": "test"
                        },
                        "test__IFGWM__warped.nii.gz"
                    ]
                ],
                "ch_warped_trk_files": [
                    [
                        {
                            "id": "test"
                        },
                        "test__IFGWM.trk",
                        "test__IFGWM_color.trk",
                        "test__IFGWM_uni.trk"
                    ]
                ],
                "versions": [
                    "versions.yml:md5,04f69537f2d6cdc20e0a8c110ae9b7e7",
                    "versions.yml:md5,08c023826481c9130c3914096cda7f63",
                    "versions.yml:md5,0d37dad46b915d0f062b1e1c791f47a7",
                    "versions.yml:md5,a166b69e9dc7963b29c7a5944fbbf72a",
                    "versions.yml:md5,a6b014172fd4dfe073bb793b58943c46",
                    "versions.yml:md5,ad180f312de6e9124ce2789c69d3afdf",
                    "versions.yml:md5,d4da7406446940901e5757ec63bf3d8f"
                ]
            }
        ],
        "meta": {
            "nf-test": "0.9.0",
            "nextflow": "24.04.5"
        },
        "timestamp": "2025-06-13T00:51:39.775526078"
    },
    "output to template MNI152NLin2009cAsym with local folder": {
        "content": [
            {
                "ch_registered_anat": [
                    [
                        {
                            "id": "test"
                        },
                        "test__t1_warped.nii.gz"
                    ]
                ],
                "ch_t1w_tpl": [
                    "template__image_bet.nii.gz"
                ],
                "ch_t2w_tpl": [
                    "template__image_bet.nii.gz"
                ],
                "ch_warped_labels_files": [
                    [
                        {
                            "id": "test"
                        },
                        "test__IFGWM_labels_map__warped.nii.gz"
                    ]
                ],
                "ch_warped_nifti_files": [
                    [
                        {
                            "id": "test"
                        },
                        "test__IFGWM__warped.nii.gz"
                    ]
                ],
                "ch_warped_trk_files": [
                    [
                        {
                            "id": "test"
                        },
                        "test__IFGWM.trk",
                        "test__IFGWM_color.trk",
                        "test__IFGWM_uni.trk"
                    ]
                ],
                "versions": [
                    "versions.yml:md5,04f69537f2d6cdc20e0a8c110ae9b7e7",
                    "versions.yml:md5,08c023826481c9130c3914096cda7f63",
                    "versions.yml:md5,0d37dad46b915d0f062b1e1c791f47a7",
                    "versions.yml:md5,a166b69e9dc7963b29c7a5944fbbf72a",
                    "versions.yml:md5,a6b014172fd4dfe073bb793b58943c46",
                    "versions.yml:md5,ad180f312de6e9124ce2789c69d3afdf",
                    "versions.yml:md5,d4da7406446940901e5757ec63bf3d8f"
                ]
            }
        ],
        "meta": {
            "nf-test": "0.9.0",
            "nextflow": "24.04.5"
        },
        "timestamp": "2025-06-13T00:54:54.927818758"
    }
}