{
    "output to template MNI152NLin2009aAsym - without brain mask": {
        "content": [
            {
                "ch_registered_anat": [
                    [
                        {
                            "id": "test"
                        },
                        "test__t1_warped.nii.gz"
                    ]
                ],
                "ch_t1w_tpl": [
                    "template__image_bet.nii.gz"
                ],
                "ch_t2w_tpl": [
                    "template__image_bet.nii.gz"
                ],
                "ch_warped_labels_files": [
                    [
                        {
                            "id": "test"
                        },
                        "test__IFGWM_labels_map__warped.nii.gz"
                    ]
                ],
                "ch_warped_nifti_files": [
                    [
                        {
                            "id": "test"
                        },
                        "test__IFGWM__warped.nii.gz"
                    ]
                ],
                "ch_warped_trk_files": [
                    [
                        {
                            "id": "test"
                        },
                        "test__IFGWM.trk",
                        "test__IFGWM_color.trk",
                        "test__IFGWM_uni.trk"
                    ]
                ],
                "versions": [
                    "versions.yml:md5,00dee5d05eb6c7fa693b718e2264ce48",
                    "versions.yml:md5,08c023826481c9130c3914096cda7f63",
                    "versions.yml:md5,4aa75761841b81efa97cd28be409ead9",
                    "versions.yml:md5,4fe062075b77eb5fd05e956d9da383c8",
                    "versions.yml:md5,a6b014172fd4dfe073bb793b58943c46",
                    "versions.yml:md5,e667d19be259b1983b4451f18751d3b8",
                    "versions.yml:md5,f131337fe390b5d6c58ab1f1223bd4e8"
                ]
            }
        ],
        "meta": {
            "nf-test": "0.9.0",
            "nextflow": "25.04.7"
        },
        "timestamp": "2025-09-18T15:26:49.635678794"
    },
    "output to template MNI152NLin2009cAsym with local folder": {
        "content": [
            {
                "ch_registered_anat": [
                    [
                        {
                            "id": "test"
                        },
                        "test__t1_warped.nii.gz"
                    ]
                ],
                "ch_t1w_tpl": [
                    "template__image_bet.nii.gz"
                ],
                "ch_t2w_tpl": [
                    "template__image_bet.nii.gz"
                ],
                "ch_warped_labels_files": [
                    [
                        {
                            "id": "test"
                        },
                        "test__IFGWM_labels_map__warped.nii.gz"
                    ]
                ],
                "ch_warped_nifti_files": [
                    [
                        {
                            "id": "test"
                        },
                        "test__IFGWM__warped.nii.gz"
                    ]
                ],
                "ch_warped_trk_files": [
                    [
                        {
                            "id": "test"
                        },
                        "test__IFGWM.trk",
                        "test__IFGWM_color.trk",
                        "test__IFGWM_uni.trk"
                    ]
                ],
                "versions": [
                    "versions.yml:md5,00dee5d05eb6c7fa693b718e2264ce48",
                    "versions.yml:md5,08c023826481c9130c3914096cda7f63",
                    "versions.yml:md5,4aa75761841b81efa97cd28be409ead9",
                    "versions.yml:md5,4fe062075b77eb5fd05e956d9da383c8",
                    "versions.yml:md5,a6b014172fd4dfe073bb793b58943c46",
                    "versions.yml:md5,e667d19be259b1983b4451f18751d3b8",
                    "versions.yml:md5,f131337fe390b5d6c58ab1f1223bd4e8"
                ]
            }
        ],
        "meta": {
            "nf-test": "0.9.0",
            "nextflow": "25.04.7"
        },
        "timestamp": "2025-09-18T15:26:02.703363863"
    }
}