{
    "output to template MNI152NLin2009aAsym - with brain mask": {
        "content": [
            {
                "0": [
                    "template__image_bet.nii.gz:md5,1f9066e239a741d7be7b2019b93d9c07"
                ],
                "1": [
                    "template__image_bet.nii.gz:md5,9f194f26d8342fbc3d083695c22b23bc"
                ],
                "2": [
                    [
                        {
                            "id": "test"
                        },
                        [
                            "test__IFGWM__warped.nii.gz:md5,f3995a7cc149ebd31f03f3dcdf26d6fe",
                            "test__IFGWM_labels_map__warped.nii.gz:md5,4af53e66986112dcc70f301f757ace73"
                        ]
                    ]
                ],
                "3": [
                    [
                        {
                            "id": "test"
                        },
                        [
                            "test__IFGWM.trk:md5,3a08fd1751c837d33994229ac834a2af",
                            "test__IFGWM_color.trk:md5,3a08fd1751c837d33994229ac834a2af",
                            "test__IFGWM_uni.trk:md5,87477b8fbd5228599655a257cdb06479"
                        ]
                    ]
                ],
                "4": [
                    "versions.yml:md5,1d06d6c5ffbc79a3b5ad3d379583b86d",
                    "versions.yml:md5,29c5499c53451b27652c9eb978a79e76",
                    "versions.yml:md5,75c8524f95824b358ede7fe52dfa35e6",
                    "versions.yml:md5,a6b014172fd4dfe073bb793b58943c46",
                    "versions.yml:md5,ad180f312de6e9124ce2789c69d3afdf",
                    "versions.yml:md5,b180b92a88347fe68d25e2c8066322f1"
                ],
                "ch_t1w_tpl": [
                    "template__image_bet.nii.gz:md5,1f9066e239a741d7be7b2019b93d9c07"
                ],
                "ch_t2w_tpl": [
                    "template__image_bet.nii.gz:md5,9f194f26d8342fbc3d083695c22b23bc"
                ],
                "ch_warped_nifti_files": [
                    [
                        {
                            "id": "test"
                        },
                        [
                            "test__IFGWM__warped.nii.gz:md5,f3995a7cc149ebd31f03f3dcdf26d6fe",
                            "test__IFGWM_labels_map__warped.nii.gz:md5,4af53e66986112dcc70f301f757ace73"
                        ]
                    ]
                ],
                "ch_warped_trk_files": [
                    [
                        {
                            "id": "test"
                        },
                        [
                            "test__IFGWM.trk:md5,3a08fd1751c837d33994229ac834a2af",
                            "test__IFGWM_color.trk:md5,3a08fd1751c837d33994229ac834a2af",
                            "test__IFGWM_uni.trk:md5,87477b8fbd5228599655a257cdb06479"
                        ]
                    ]
                ],
                "versions": [
                    "versions.yml:md5,1d06d6c5ffbc79a3b5ad3d379583b86d",
                    "versions.yml:md5,29c5499c53451b27652c9eb978a79e76",
                    "versions.yml:md5,75c8524f95824b358ede7fe52dfa35e6",
                    "versions.yml:md5,a6b014172fd4dfe073bb793b58943c46",
                    "versions.yml:md5,ad180f312de6e9124ce2789c69d3afdf",
                    "versions.yml:md5,b180b92a88347fe68d25e2c8066322f1"
                ]
            }
        ],
        "meta": {
            "nf-test": "0.9.2",
            "nextflow": "24.10.5"
        },
        "timestamp": "2025-03-27T13:08:31.133444"
    },
    "output to template MNI152NLin2009aAsym - stub": {
        "content": [
            [
                "versions.yml:md5,08c023826481c9130c3914096cda7f63",
                "versions.yml:md5,1d06d6c5ffbc79a3b5ad3d379583b86d",
                "versions.yml:md5,a166b69e9dc7963b29c7a5944fbbf72a",
                "versions.yml:md5,a6b014172fd4dfe073bb793b58943c46",
                "versions.yml:md5,ad180f312de6e9124ce2789c69d3afdf",
                "versions.yml:md5,d4da7406446940901e5757ec63bf3d8f"
            ]
        ],
        "meta": {
            "nf-test": "0.9.2",
            "nextflow": "24.10.5"
        },
        "timestamp": "2025-03-27T11:25:15.322213"
    }
}