{
    "rbx - base - no_atlas_folder": {
        "content": [
            {
                "0": [
                    
                ],
                "1": [
                    
                ],
                "bundles": [
                    
                ],
                "versions": [
                    
                ]
            }
        ],
        "meta": {
            "nf-test": "0.9.0",
            "nextflow": "24.10.3"
        },
        "timestamp": "2025-02-18T16:25:02.794265033"
    }
}