{
    "rbx - download atlas - synthmorph registration": {
        "content": [
            {
                "bundles": [
                    [
                        {
                            "id": "test"
                        },
                        "test_AF_L_cleaned.trk"
                    ]
                ],
                "versions": [
                    "versions.yml:md5,a7e31b7279716126495bc494578461be",
                    "versions.yml:md5,afaf6c2953accc507d8777303eea8718"
                ]
            }
        ],
        "meta": {
            "nf-test": "0.9.0",
            "nextflow": "25.04.8"
        },
        "timestamp": "2025-10-16T16:28:52.712317132"
    },
    "rbx - download atlas - ants registration": {
        "content": [
            {
                "bundles": [
                    [
                        {
                            "id": "test"
                        },
                        "test_AF_L_cleaned.trk"
                    ]
                ],
                "versions": [
                    "versions.yml:md5,386ca841f44a73e4f5cf04171ce7f503",
                    "versions.yml:md5,afaf6c2953accc507d8777303eea8718"
                ]
            }
        ],
        "meta": {
            "nf-test": "0.9.0",
            "nextflow": "25.04.8"
        },
        "timestamp": "2025-10-16T16:25:01.408812547"
    }
}