{
    "reconst - freewater - stub-run": {
        "content": [
            [
                "versions.yml:md5,b7348842aae4271b2d6831f596bae6f3"
            ]
        ],
        "meta": {
            "nf-test": "0.9.0",
            "nextflow": "25.04.7"
        },
        "timestamp": "2025-09-23T18:05:08.029531192"
    },
    "reconst - freewater_no_mask_compute_only": {
        "content": [
            [
                "versions.yml:md5,b7348842aae4271b2d6831f596bae6f3"
            ],
            11
        ],
        "meta": {
            "nf-test": "0.9.0",
            "nextflow": "25.04.7"
        },
        "timestamp": "2025-09-23T18:54:46.117963036"
    },
    "reconst - freewater": {
        "content": [
            [
                "versions.yml:md5,b7348842aae4271b2d6831f596bae6f3"
            ],
            11,
            "test__dwi_fw_corrected.nii.gz:md5:header,dd505581c2fa20ad1b7cc7c213245c9c,data,300c1ba7a237db24cd987d8f4e6d97f0",
            "test__dir.nii.gz:md5:header,cdd1570ac5fe51b109eea3de58e196ae,data,d68e6ed58e2f7a88720d68c3b359ec32",
            "test__FiberVolume.nii.gz:md5:header,1a990130273ad871a33b3bee1beac9be,data,52a5d3f673b62036453736e89223751c",
            "test__FW.nii.gz:md5:header,1a990130273ad871a33b3bee1beac9be,data,799995bce132e09a5d463218311414b6",
            "test__NRMSE.nii.gz:md5:header,1a990130273ad871a33b3bee1beac9be,data,da927578fefaa43844d592150aafe6ad"
        ],
        "meta": {
            "nf-test": "0.9.0",
            "nextflow": "25.04.7"
        },
        "timestamp": "2025-09-23T23:14:38.134685982"
    }
}