{
    "io - readbids - folder": {
        "content": [
            {
                "0": [
                    "bids_struct.json:md5,68b329da9893e34099c7d8ad5cb9c940"
                ],
                "1": [
                    "versions.yml:md5,5b713870d30b0c0d923852747c786c8a"
                ],
                "bidsstructure": [
                    "bids_struct.json:md5,68b329da9893e34099c7d8ad5cb9c940"
                ],
                "versions": [
                    "versions.yml:md5,5b713870d30b0c0d923852747c786c8a"
                ]
            }
        ],
        "meta": {
            "nf-test": "0.9.0",
            "nextflow": "25.04.7"
        },
        "timestamp": "2025-09-22T18:22:58.417363712"
    },
    "io - readbids - stub-run": {
        "content": [
            [
                "versions.yml:md5,5b713870d30b0c0d923852747c786c8a"
            ]
        ],
        "meta": {
            "nf-test": "0.9.0",
            "nextflow": "25.04.7"
        },
        "timestamp": "2025-09-22T18:23:09.385122844"
    }
}