{
    "denoising - nlmeans": {
        "content": [
            {
                "0": [
                    [
                        {
                            "id": "test"
                        },
                        "test__denoised.nii.gz:md5,4443314c19646ac7ae866ff1947cb665"
                    ]
                ],
                "1": [
                    "versions.yml:md5,07e04105000e79a5e96ebca3e79c6814"
                ],
                "image": [
                    [
                        {
                            "id": "test"
                        },
                        "test__denoised.nii.gz:md5,4443314c19646ac7ae866ff1947cb665"
                    ]
                ],
                "versions": [
                    "versions.yml:md5,07e04105000e79a5e96ebca3e79c6814"
                ]
            }
        ],
        "meta": {
            "nf-test": "0.9.0",
            "nextflow": "25.04.4"
        },
        "timestamp": "2025-06-26T18:34:02.180760105"
    }
}