{
    "registration - cobralab_ants - stub": {
        "content": [
            [
                "versions.yml:md5,fade610633cb2889d7608994412cb9d1"
            ]
        ],
        "meta": {
            "nf-test": "0.9.3",
            "nextflow": "25.04.6"
        },
        "timestamp": "2026-06-01T20:27:53.507807183"
    },
    "registration - cobralab_ants - SyN quick": {
        "content": [
            {
                "0": [
                    [
                        {
                            "id": "test"
                        },
                        "test_t1_warped.nii.gz:md5,23e254700ff411b46818bbb67f102514"
                    ]
                ],
                "1": [
                    [
                        {
                            "id": "test"
                        },
                        "test_forward1_affine.mat:md5,e5e110233d5c9d0dce703df27fd1ba7b"
                    ]
                ],
                "10": [
                    "versions.yml:md5,fade610633cb2889d7608994412cb9d1"
                ],
                "2": [
                    [
                        {
                            "id": "test"
                        },
                        "test_forward0_warp.nii.gz:md5,dc9841eb5c9e20bbc3ec1493e20c92a9"
                    ]
                ],
                "3": [
                    [
                        {
                            "id": "test"
                        },
                        "test_backward1_warp.nii.gz:md5,b8b052fafb8b55883967fc38807a8b2c"
                    ]
                ],
                "4": [
                    [
                        {
                            "id": "test"
                        },
                        "test_backward0_affine.mat:md5,82ad025c50d3208f467de007c4f10302"
                    ]
                ],
                "5": [
                    [
                        {
                            "id": "test"
                        },
                        [
                            "test_forward0_warp.nii.gz:md5,dc9841eb5c9e20bbc3ec1493e20c92a9",
                            "test_forward1_affine.mat:md5,e5e110233d5c9d0dce703df27fd1ba7b"
                        ]
                    ]
                ],
                "6": [
                    [
                        {
                            "id": "test"
                        },
                        [
                            "test_backward0_affine.mat:md5,82ad025c50d3208f467de007c4f10302",
                            "test_backward1_warp.nii.gz:md5,b8b052fafb8b55883967fc38807a8b2c"
                        ]
                    ]
                ],
                "7": [
                    [
                        {
                            "id": "test"
                        },
                        [
                            "test_backward0_affine.mat:md5,82ad025c50d3208f467de007c4f10302",
                            "test_backward1_warp.nii.gz:md5,b8b052fafb8b55883967fc38807a8b2c"
                        ]
                    ]
                ],
                "8": [
                    [
                        {
                            "id": "test"
                        },
                        [
                            "test_forward0_warp.nii.gz:md5,dc9841eb5c9e20bbc3ec1493e20c92a9",
                            "test_forward1_affine.mat:md5,e5e110233d5c9d0dce703df27fd1ba7b"
                        ]
                    ]
                ],
                "9": [
                    [
                        {
                            "id": "test"
                        },
                        "test_T1_to_T1_slab_registration_ants_mqc.gif:md5,1a0f150e41349c5bc22fc07bef176f56"
                    ]
                ],
                "backward_affine": [
                    [
                        {
                            "id": "test"
                        },
                        "test_backward0_affine.mat:md5,82ad025c50d3208f467de007c4f10302"
                    ]
                ],
                "backward_image_transform": [
                    [
                        {
                            "id": "test"
                        },
                        [
                            "test_backward0_affine.mat:md5,82ad025c50d3208f467de007c4f10302",
                            "test_backward1_warp.nii.gz:md5,b8b052fafb8b55883967fc38807a8b2c"
                        ]
                    ]
                ],
                "backward_tractogram_transform": [
                    [
                        {
                            "id": "test"
                        },
                        [
                            "test_forward0_warp.nii.gz:md5,dc9841eb5c9e20bbc3ec1493e20c92a9",
                            "test_forward1_affine.mat:md5,e5e110233d5c9d0dce703df27fd1ba7b"
                        ]
                    ]
                ],
                "backward_warp": [
                    [
                        {
                            "id": "test"
                        },
                        "test_backward1_warp.nii.gz:md5,b8b052fafb8b55883967fc38807a8b2c"
                    ]
                ],
                "forward_affine": [
                    [
                        {
                            "id": "test"
                        },
                        "test_forward1_affine.mat:md5,e5e110233d5c9d0dce703df27fd1ba7b"
                    ]
                ],
                "forward_image_transform": [
                    [
                        {
                            "id": "test"
                        },
                        [
                            "test_forward0_warp.nii.gz:md5,dc9841eb5c9e20bbc3ec1493e20c92a9",
                            "test_forward1_affine.mat:md5,e5e110233d5c9d0dce703df27fd1ba7b"
                        ]
                    ]
                ],
                "forward_tractogram_transform": [
                    [
                        {
                            "id": "test"
                        },
                        [
                            "test_backward0_affine.mat:md5,82ad025c50d3208f467de007c4f10302",
                            "test_backward1_warp.nii.gz:md5,b8b052fafb8b55883967fc38807a8b2c"
                        ]
                    ]
                ],
                "forward_warp": [
                    [
                        {
                            "id": "test"
                        },
                        "test_forward0_warp.nii.gz:md5,dc9841eb5c9e20bbc3ec1493e20c92a9"
                    ]
                ],
                "image_warped": [
                    [
                        {
                            "id": "test"
                        },
                        "test_t1_warped.nii.gz:md5,23e254700ff411b46818bbb67f102514"
                    ]
                ],
                "mqc": [
                    [
                        {
                            "id": "test"
                        },
                        "test_T1_to_T1_slab_registration_ants_mqc.gif:md5,1a0f150e41349c5bc22fc07bef176f56"
                    ]
                ],
                "versions": [
                    "versions.yml:md5,fade610633cb2889d7608994412cb9d1"
                ]
            }
        ],
        "meta": {
            "nf-test": "0.9.3",
            "nextflow": "25.04.6"
        },
        "timestamp": "2026-06-11T16:15:15.067300669"
    },
    "registration - cobralab_ants - SyN": {
        "content": [
            {
                "0": [
                    [
                        {
                            "id": "test"
                        },
                        "test_t1_warped.nii.gz:md5,5d32e5aaa5b73cca5b36d24170720780"
                    ]
                ],
                "1": [
                    [
                        {
                            "id": "test"
                        },
                        "test_forward1_affine.mat:md5,4b1b6bab4bdd42485f6953bc1bd6d3ad"
                    ]
                ],
                "10": [
                    "versions.yml:md5,fade610633cb2889d7608994412cb9d1"
                ],
                "2": [
                    [
                        {
                            "id": "test"
                        },
                        "test_forward0_warp.nii.gz:md5,2e7949517d52491062852f01e4da6b8e"
                    ]
                ],
                "3": [
                    [
                        {
                            "id": "test"
                        },
                        "test_backward1_warp.nii.gz:md5,30267a9e734d39f1deb3908a91e7439e"
                    ]
                ],
                "4": [
                    [
                        {
                            "id": "test"
                        },
                        "test_backward0_affine.mat:md5,29da22d3313ea1e77fe529fe40856888"
                    ]
                ],
                "5": [
                    [
                        {
                            "id": "test"
                        },
                        [
                            "test_forward0_warp.nii.gz:md5,2e7949517d52491062852f01e4da6b8e",
                            "test_forward1_affine.mat:md5,4b1b6bab4bdd42485f6953bc1bd6d3ad"
                        ]
                    ]
                ],
                "6": [
                    [
                        {
                            "id": "test"
                        },
                        [
                            "test_backward0_affine.mat:md5,29da22d3313ea1e77fe529fe40856888",
                            "test_backward1_warp.nii.gz:md5,30267a9e734d39f1deb3908a91e7439e"
                        ]
                    ]
                ],
                "7": [
                    [
                        {
                            "id": "test"
                        },
                        [
                            "test_backward0_affine.mat:md5,29da22d3313ea1e77fe529fe40856888",
                            "test_backward1_warp.nii.gz:md5,30267a9e734d39f1deb3908a91e7439e"
                        ]
                    ]
                ],
                "8": [
                    [
                        {
                            "id": "test"
                        },
                        [
                            "test_forward0_warp.nii.gz:md5,2e7949517d52491062852f01e4da6b8e",
                            "test_forward1_affine.mat:md5,4b1b6bab4bdd42485f6953bc1bd6d3ad"
                        ]
                    ]
                ],
                "9": [
                    
                ],
                "backward_affine": [
                    [
                        {
                            "id": "test"
                        },
                        "test_backward0_affine.mat:md5,29da22d3313ea1e77fe529fe40856888"
                    ]
                ],
                "backward_image_transform": [
                    [
                        {
                            "id": "test"
                        },
                        [
                            "test_backward0_affine.mat:md5,29da22d3313ea1e77fe529fe40856888",
                            "test_backward1_warp.nii.gz:md5,30267a9e734d39f1deb3908a91e7439e"
                        ]
                    ]
                ],
                "backward_tractogram_transform": [
                    [
                        {
                            "id": "test"
                        },
                        [
                            "test_forward0_warp.nii.gz:md5,2e7949517d52491062852f01e4da6b8e",
                            "test_forward1_affine.mat:md5,4b1b6bab4bdd42485f6953bc1bd6d3ad"
                        ]
                    ]
                ],
                "backward_warp": [
                    [
                        {
                            "id": "test"
                        },
                        "test_backward1_warp.nii.gz:md5,30267a9e734d39f1deb3908a91e7439e"
                    ]
                ],
                "forward_affine": [
                    [
                        {
                            "id": "test"
                        },
                        "test_forward1_affine.mat:md5,4b1b6bab4bdd42485f6953bc1bd6d3ad"
                    ]
                ],
                "forward_image_transform": [
                    [
                        {
                            "id": "test"
                        },
                        [
                            "test_forward0_warp.nii.gz:md5,2e7949517d52491062852f01e4da6b8e",
                            "test_forward1_affine.mat:md5,4b1b6bab4bdd42485f6953bc1bd6d3ad"
                        ]
                    ]
                ],
                "forward_tractogram_transform": [
                    [
                        {
                            "id": "test"
                        },
                        [
                            "test_backward0_affine.mat:md5,29da22d3313ea1e77fe529fe40856888",
                            "test_backward1_warp.nii.gz:md5,30267a9e734d39f1deb3908a91e7439e"
                        ]
                    ]
                ],
                "forward_warp": [
                    [
                        {
                            "id": "test"
                        },
                        "test_forward0_warp.nii.gz:md5,2e7949517d52491062852f01e4da6b8e"
                    ]
                ],
                "image_warped": [
                    [
                        {
                            "id": "test"
                        },
                        "test_t1_warped.nii.gz:md5,5d32e5aaa5b73cca5b36d24170720780"
                    ]
                ],
                "mqc": [
                    
                ],
                "versions": [
                    "versions.yml:md5,fade610633cb2889d7608994412cb9d1"
                ]
            }
        ],
        "meta": {
            "nf-test": "0.9.3",
            "nextflow": "25.04.6"
        },
        "timestamp": "2026-06-11T15:53:25.107843075"
    },
    "registration - cobralab_ants - no warps": {
        "content": [
            {
                "0": [
                    [
                        {
                            "id": "test"
                        },
                        "test_t1_warped.nii.gz:md5,09c3e38493c4439c8620fd8e27218873"
                    ]
                ],
                "1": [
                    [
                        {
                            "id": "test"
                        },
                        "test_forward1_affine.mat:md5,5fc835b00438fe1a11d6fe798acb26a7"
                    ]
                ],
                "10": [
                    "versions.yml:md5,fade610633cb2889d7608994412cb9d1"
                ],
                "2": [
                    
                ],
                "3": [
                    
                ],
                "4": [
                    [
                        {
                            "id": "test"
                        },
                        "test_backward0_affine.mat:md5,0c8c61274750378e99e49907b7fae7de"
                    ]
                ],
                "5": [
                    [
                        {
                            "id": "test"
                        },
                        [
                            "test_forward1_affine.mat:md5,5fc835b00438fe1a11d6fe798acb26a7"
                        ]
                    ]
                ],
                "6": [
                    [
                        {
                            "id": "test"
                        },
                        [
                            "test_backward0_affine.mat:md5,0c8c61274750378e99e49907b7fae7de"
                        ]
                    ]
                ],
                "7": [
                    [
                        {
                            "id": "test"
                        },
                        [
                            "test_backward0_affine.mat:md5,0c8c61274750378e99e49907b7fae7de"
                        ]
                    ]
                ],
                "8": [
                    [
                        {
                            "id": "test"
                        },
                        [
                            "test_forward1_affine.mat:md5,5fc835b00438fe1a11d6fe798acb26a7"
                        ]
                    ]
                ],
                "9": [
                    
                ],
                "backward_affine": [
                    [
                        {
                            "id": "test"
                        },
                        "test_backward0_affine.mat:md5,0c8c61274750378e99e49907b7fae7de"
                    ]
                ],
                "backward_image_transform": [
                    [
                        {
                            "id": "test"
                        },
                        [
                            "test_backward0_affine.mat:md5,0c8c61274750378e99e49907b7fae7de"
                        ]
                    ]
                ],
                "backward_tractogram_transform": [
                    [
                        {
                            "id": "test"
                        },
                        [
                            "test_forward1_affine.mat:md5,5fc835b00438fe1a11d6fe798acb26a7"
                        ]
                    ]
                ],
                "backward_warp": [
                    
                ],
                "forward_affine": [
                    [
                        {
                            "id": "test"
                        },
                        "test_forward1_affine.mat:md5,5fc835b00438fe1a11d6fe798acb26a7"
                    ]
                ],
                "forward_image_transform": [
                    [
                        {
                            "id": "test"
                        },
                        [
                            "test_forward1_affine.mat:md5,5fc835b00438fe1a11d6fe798acb26a7"
                        ]
                    ]
                ],
                "forward_tractogram_transform": [
                    [
                        {
                            "id": "test"
                        },
                        [
                            "test_backward0_affine.mat:md5,0c8c61274750378e99e49907b7fae7de"
                        ]
                    ]
                ],
                "forward_warp": [
                    
                ],
                "image_warped": [
                    [
                        {
                            "id": "test"
                        },
                        "test_t1_warped.nii.gz:md5,09c3e38493c4439c8620fd8e27218873"
                    ]
                ],
                "mqc": [
                    
                ],
                "versions": [
                    "versions.yml:md5,fade610633cb2889d7608994412cb9d1"
                ]
            }
        ],
        "meta": {
            "nf-test": "0.9.3",
            "nextflow": "25.04.6"
        },
        "timestamp": "2026-06-11T16:15:46.96759771"
    }
}