{
    "registration - convert - stub-run": {
        "content": [
            [
                "versions.yml:md5,9912ec095965c1ff571f77b447c18f92"
            ]
        ],
        "meta": {
            "nf-test": "0.9.0",
            "nextflow": "25.04.2"
        },
        "timestamp": "2025-05-30T21:45:21.615899949"
    },
    "registration - convert - affine - to lta (needs source)": {
        "content": [
            "test__out_affine.lta",
            [
                "versions.yml:md5,9912ec095965c1ff571f77b447c18f92"
            ]
        ],
        "meta": {
            "nf-test": "0.9.0",
            "nextflow": "25.04.6"
        },
        "timestamp": "2025-07-25T15:15:22.167873891"
    },
    "registration - convert - affine - lta to fsl": {
        "content": [
            {
                "0": [
                    [
                        {
                            "id": "test"
                        },
                        "test__out_affine.mat:md5,c88fcae39c94d8af95ca00592c2f2634"
                    ]
                ],
                "1": [
                    "versions.yml:md5,9912ec095965c1ff571f77b447c18f92"
                ],
                "transformation": [
                    [
                        {
                            "id": "test"
                        },
                        "test__out_affine.mat:md5,c88fcae39c94d8af95ca00592c2f2634"
                    ]
                ],
                "versions": [
                    "versions.yml:md5,9912ec095965c1ff571f77b447c18f92"
                ]
            }
        ],
        "meta": {
            "nf-test": "0.9.0",
            "nextflow": "25.04.6"
        },
        "timestamp": "2025-07-25T15:15:03.099213703"
    },
    "registration - convert - mixed - to itk": {
        "content": [
            {
                "0": [
                    [
                        {
                            "id": "test1"
                        },
                        "test1__out_warp.nii.gz:md5,69052e6226da946bad1f9466285cbb89"
                    ]
                ],
                "1": [
                    "versions.yml:md5,9912ec095965c1ff571f77b447c18f92"
                ],
                "transformation": [
                    [
                        {
                            "id": "test1"
                        },
                        "test1__out_warp.nii.gz:md5,69052e6226da946bad1f9466285cbb89"
                    ]
                ],
                "versions": [
                    "versions.yml:md5,9912ec095965c1ff571f77b447c18f92"
                ]
            }
        ],
        "meta": {
            "nf-test": "0.9.0",
            "nextflow": "25.04.6"
        },
        "timestamp": "2025-07-25T15:15:12.599002015"
    },
    "registration - convert - deformation - ras to itk (lps)": {
        "content": [
            {
                "0": [
                    [
                        {
                            "id": "test"
                        },
                        "test__out_warp.nii.gz:md5,69052e6226da946bad1f9466285cbb89"
                    ]
                ],
                "1": [
                    "versions.yml:md5,9912ec095965c1ff571f77b447c18f92"
                ],
                "transformation": [
                    [
                        {
                            "id": "test"
                        },
                        "test__out_warp.nii.gz:md5,69052e6226da946bad1f9466285cbb89"
                    ]
                ],
                "versions": [
                    "versions.yml:md5,9912ec095965c1ff571f77b447c18f92"
                ]
            }
        ],
        "meta": {
            "nf-test": "0.9.0",
            "nextflow": "25.04.6"
        },
        "timestamp": "2025-07-25T14:54:35.309900291"
    }
}
