{
    "registration - convert - stub-run": {
        "content": [
            [
                "versions.yml:md5,8fa42279d7793bb057cd5680bcb241e7"
            ]
        ],
        "meta": {
            "nf-test": "0.9.0",
            "nextflow": "25.04.7"
        },
        "timestamp": "2025-10-02T20:44:37.839613055"
    },
    "registration - convert - affine - to lta (needs source)": {
        "content": [
            "test_out_affine.lta",
            [
                "versions.yml:md5,8fa42279d7793bb057cd5680bcb241e7"
            ]
        ],
        "meta": {
            "nf-test": "0.9.0",
            "nextflow": "25.04.8"
        },
        "timestamp": "2025-10-16T15:03:48.505663297"
    },
    "registration - convert - affine - lta to fsl": {
        "content": [
            {
                "0": [
                    
                ],
                "1": [
                    
                ],
                "transformation": [
                    
                ],
                "versions": [
                    
                ]
            }
        ],
        "meta": {
            "nf-test": "0.9.3",
            "nextflow": "25.10.0"
        },
        "timestamp": "2025-10-28T13:36:01.430079972"
    },
    "registration - convert - mixed - to itk": {
        "content": [
            {
                "0": [
                    
                ],
                "1": [
                    
                ],
                "transformation": [
                    
                ],
                "versions": [
                    
                ]
            }
        ],
        "meta": {
            "nf-test": "0.9.3",
            "nextflow": "25.10.0"
        },
        "timestamp": "2025-10-28T13:36:10.32322425"
    },
    "registration - convert - deformation - ras to itk (lps)": {
        "content": [
            {
                "0": [
                    
                ],
                "1": [
                    
                ],
                "transformation": [
                    
                ],
                "versions": [
                    
                ]
            }
        ],
        "meta": {
            "nf-test": "0.9.3",
            "nextflow": "25.10.0"
        },
        "timestamp": "2025-10-28T13:35:51.861013613"
    }
}