{
    "tractometry_with_centroids": {
        "content": [
            {
                "0": [
                    
                ],
                "1": [
                    
                ],
                "10": [
                    
                ],
                "11": [
                    
                ],
                "12": [
                    
                ],
                "13": [
                    
                ],
                "14": [
                    
                ],
                "15": [
                    "versions.yml:md5,89cb79c7490184c0c6b516024ffc56aa",
                    "versions.yml:md5,93c0e24a9ad11bf0a54332937c621c5b",
                    "versions.yml:md5,95211745cfa8079c88d01b6505234468",
                    "versions.yml:md5,e5f5d481aaf90356a0bd55c7d78515db"
                ],
                "2": [
                    
                ],
                "3": [
                    
                ],
                "4": [
                    
                ],
                "5": [
                    
                ],
                "6": [
                    
                ],
                "7": [
                    
                ],
                "8": [
                    
                ],
                "9": [
                    
                ],
                "endpoints_head": [
                    
                ],
                "endpoints_tail": [
                    
                ],
                "lesion_map": [
                    
                ],
                "stat_endpoints_metric": [
                    
                ],
                "stat_endpoints_raw": [
                    
                ],
                "stat_length": [
                    
                ],
                "stat_lesion_stats": [
                    
                ],
                "stat_mean_std": [
                    
                ],
                "stat_mean_std_per_point": [
                    
                ],
                "stat_streamline_count": [
                    
                ],
                "stat_streamline_count_lesions": [
                    
                ],
                "stat_volume": [
                    
                ],
                "stat_volume_lesions": [
                    
                ],
                "stat_volume_per_labels": [
                    
                ],
                "stat_volume_per_labels_lesions": [
                    
                ],
                "versions": [
                    "versions.yml:md5,89cb79c7490184c0c6b516024ffc56aa",
                    "versions.yml:md5,93c0e24a9ad11bf0a54332937c621c5b",
                    "versions.yml:md5,95211745cfa8079c88d01b6505234468",
                    "versions.yml:md5,e5f5d481aaf90356a0bd55c7d78515db"
                ]
            }
        ],
        "meta": {
            "nf-test": "0.9.0",
            "nextflow": "25.04.7"
        },
        "timestamp": "2025-09-23T13:25:19.386669149"
    }
}