{
    "registration - ants": {
        "content": [
            {
                "0": [
                    [
                        {
                            "id": "test"
                        },
                        "test__warped.nii.gz:md5,4382217c04988eb01ed8f99916d7631c"
                    ]
                ],
                "1": [
                    [
                        {
                            "id": "test"
                        },
                        [
                            "test__output0Warp.nii.gz:md5,6fee747df2c30bb48cf2b6897b5d3e17",
                            "test__output1GenericAffine.mat:md5,8e987eb08cc568478c37ae79a8824f8b"
                        ]
                    ]
                ],
                "2": [
                    [
                        {
                            "id": "test"
                        },
                        [
                            "test__output0InverseAffine.mat:md5,d342d5f1c35a53cadcdf2d49a25f5ce8",
                            "test__output1InverseWarp.nii.gz:md5,1608837de13478dff81fe51ac1720d28"
                        ]
                    ]
                ],
                "3": [
                    "versions.yml:md5,825e9d4ea9e26675d7e236f243d73114"
                ],
                "image": [
                    [
                        {
                            "id": "test"
                        },
                        "test__warped.nii.gz:md5,4382217c04988eb01ed8f99916d7631c"
                    ]
                ],
                "transfo_image": [
                    [
                        {
                            "id": "test"
                        },
                        [
                            "test__output0Warp.nii.gz:md5,6fee747df2c30bb48cf2b6897b5d3e17",
                            "test__output1GenericAffine.mat:md5,8e987eb08cc568478c37ae79a8824f8b"
                        ]
                    ]
                ],
                "transfo_trk": [
                    [
                        {
                            "id": "test"
                        },
                        [
                            "test__output0InverseAffine.mat:md5,d342d5f1c35a53cadcdf2d49a25f5ce8",
                            "test__output1InverseWarp.nii.gz:md5,1608837de13478dff81fe51ac1720d28"
                        ]
                    ]
                ],
                "versions": [
                    "versions.yml:md5,825e9d4ea9e26675d7e236f243d73114"
                ]
            }
        ],
        "meta": {
            "nf-test": "0.9.0",
            "nextflow": "24.04.4"
        },
        "timestamp": "2024-10-25T17:37:35.205440745"
    },
    "registration - ants - quick": {
        "content": [
            {
                "0": [
                    [
                        {
                            "id": "test"
                        },
                        "test__warped.nii.gz:md5,81358dd2f3223f567f4101e61490ae0f"
                    ]
                ],
                "1": [
                    [
                        {
                            "id": "test"
                        },
                        [
                            "test__output0Warp.nii.gz:md5,24e6f53eaa3e4476bb627c374bc809ca",
                            "test__output1GenericAffine.mat:md5,48c8479a403e0c0ec29c69d37bb4c91a"
                        ]
                    ]
                ],
                "2": [
                    [
                        {
                            "id": "test"
                        },
                        [
                            "test__output0InverseAffine.mat:md5,25d0b8a83a922f2e4e89c6a86258af15",
                            "test__output1InverseWarp.nii.gz:md5,24e6f53eaa3e4476bb627c374bc809ca"
                        ]
                    ]
                ],
                "3": [
                    "versions.yml:md5,825e9d4ea9e26675d7e236f243d73114"
                ],
                "image": [
                    [
                        {
                            "id": "test"
                        },
                        "test__warped.nii.gz:md5,81358dd2f3223f567f4101e61490ae0f"
                    ]
                ],
                "transfo_image": [
                    [
                        {
                            "id": "test"
                        },
                        [
                            "test__output0Warp.nii.gz:md5,24e6f53eaa3e4476bb627c374bc809ca",
                            "test__output1GenericAffine.mat:md5,48c8479a403e0c0ec29c69d37bb4c91a"
                        ]
                    ]
                ],
                "transfo_trk": [
                    [
                        {
                            "id": "test"
                        },
                        [
                            "test__output0InverseAffine.mat:md5,25d0b8a83a922f2e4e89c6a86258af15",
                            "test__output1InverseWarp.nii.gz:md5,24e6f53eaa3e4476bb627c374bc809ca"
                        ]
                    ]
                ],
                "versions": [
                    "versions.yml:md5,825e9d4ea9e26675d7e236f243d73114"
                ]
            }
        ],
        "meta": {
            "nf-test": "0.9.0",
            "nextflow": "24.04.4"
        },
        "timestamp": "2024-10-25T17:14:19.681843788"
    },
    "registration - ants - options": {
        "content": [
            {
                "0": [
                    [
                        {
                            "id": "test"
                        },
                        "test__warped.nii.gz:md5,7cb6839d4af18d9d37a1bd9d07c8c57b"
                    ]
                ],
                "1": [
                    [
                        {
                            "id": "test"
                        },
                        "test__output1GenericAffine.mat:md5,c3a48d19c815206de2b140f505969317"
                    ]
                ],
                "2": [
                    [
                        {
                            "id": "test"
                        },
                        "test__output0InverseAffine.mat:md5,f473c1e548be1540cbf757202ffd5984"
                    ]
                ],
                "3": [
                    "versions.yml:md5,825e9d4ea9e26675d7e236f243d73114"
                ],
                "image": [
                    [
                        {
                            "id": "test"
                        },
                        "test__warped.nii.gz:md5,7cb6839d4af18d9d37a1bd9d07c8c57b"
                    ]
                ],
                "transfo_image": [
                    [
                        {
                            "id": "test"
                        },
                        "test__output1GenericAffine.mat:md5,c3a48d19c815206de2b140f505969317"
                    ]
                ],
                "transfo_trk": [
                    [
                        {
                            "id": "test"
                        },
                        "test__output0InverseAffine.mat:md5,f473c1e548be1540cbf757202ffd5984"
                    ]
                ],
                "versions": [
                    "versions.yml:md5,825e9d4ea9e26675d7e236f243d73114"
                ]
            }
        ],
        "meta": {
            "nf-test": "0.9.0",
            "nextflow": "24.04.4"
        },
        "timestamp": "2024-10-25T17:14:25.782091391"
    }
}