{
    "image - resample - stub-run": {
        "content": [
            [
                
            ]
        ],
        "meta": {
            "nf-test": "0.9.0",
            "nextflow": "25.04.4"
        },
        "timestamp": "2025-06-27T17:05:59.697950393"
    },
    "image - resample - isomin": {
        "content": [
            {
                "0": [
                    
                ],
                "1": [
                    
                ],
                "image": [
                    
                ],
                "versions": [
                    
                ]
            }
        ],
        "meta": {
            "nf-test": "0.9.0",
            "nextflow": "25.04.4"
        },
        "timestamp": "2025-06-27T16:52:16.369713517"
    },
    "image - resample - nn": {
        "content": [
            {
                "0": [
                    
                ],
                "1": [
                    
                ],
                "image": [
                    
                ],
                "versions": [
                    
                ]
            }
        ],
        "meta": {
            "nf-test": "0.9.0",
            "nextflow": "25.04.4"
        },
        "timestamp": "2025-06-27T17:01:25.277509801"
    },
    "image - resample - volsize": {
        "content": [
            {
                "0": [
                    
                ],
                "1": [
                    
                ],
                "image": [
                    
                ],
                "versions": [
                    
                ]
            }
        ],
        "meta": {
            "nf-test": "0.9.0",
            "nextflow": "25.04.4"
        },
        "timestamp": "2025-06-27T16:47:41.932494058"
    },
    "image - resample - voxsize": {
        "content": [
            {
                "0": [
                    
                ],
                "1": [
                    
                ],
                "image": [
                    
                ],
                "versions": [
                    
                ]
            }
        ],
        "meta": {
            "nf-test": "0.9.0",
            "nextflow": "25.04.4"
        },
        "timestamp": "2025-06-27T16:43:07.50388377"
    },
    "image - resample - ref": {
        "content": [
            {
                "0": [
                    
                ],
                "1": [
                    
                ],
                "image": [
                    
                ],
                "versions": [
                    
                ]
            }
        ],
        "meta": {
            "nf-test": "0.9.0",
            "nextflow": "25.04.4"
        },
        "timestamp": "2025-06-27T16:56:50.863396457"
    }
}