{
    "connectivity - afdfixel - no params": {
        "content": [
            {
                "0": [
                    [
                        {
                            "id": "test"
                        },
                        "test__afd_fixel.h5:md5,48dfdf3f19dd2a0bce14fed72565b7c1"
                    ]
                ],
                "1": [
                    "versions.yml:md5,54ca1cb9d03e6ac32466840d80771a50"
                ],
                "hdf5": [
                    [
                        {
                            "id": "test"
                        },
                        "test__afd_fixel.h5:md5,48dfdf3f19dd2a0bce14fed72565b7c1"
                    ]
                ],
                "versions": [
                    "versions.yml:md5,54ca1cb9d03e6ac32466840d80771a50"
                ]
            }
        ],
        "meta": {
            "nf-test": "0.9.0",
            "nextflow": "25.04.7"
        },
        "timestamp": "2025-09-17T19:05:56.350627744"
    },
    "connectivity - afdfixel - with params": {
        "content": [
            {
                "0": [
                    [
                        {
                            "id": "test"
                        },
                        "test__afd_fixel.h5:md5,2d35f4b2ec5256a48e920143c07d554c"
                    ]
                ],
                "1": [
                    "versions.yml:md5,54ca1cb9d03e6ac32466840d80771a50"
                ],
                "hdf5": [
                    [
                        {
                            "id": "test"
                        },
                        "test__afd_fixel.h5:md5,2d35f4b2ec5256a48e920143c07d554c"
                    ]
                ],
                "versions": [
                    "versions.yml:md5,54ca1cb9d03e6ac32466840d80771a50"
                ]
            }
        ],
        "meta": {
            "nf-test": "0.9.0",
            "nextflow": "25.04.7"
        },
        "timestamp": "2025-09-17T19:07:16.057541682"
    },
    "connectivity - afdfixel - with stub": {
        "content": [
            [
                "versions.yml:md5,54ca1cb9d03e6ac32466840d80771a50"
            ]
        ],
        "meta": {
            "nf-test": "0.9.0",
            "nextflow": "25.04.7"
        },
        "timestamp": "2025-09-17T19:07:33.366547414"
    }
}
