{
    "preproc_t1_quick": {
        "content": [
            {
                "0": [
                    [
                        {
                            "id": "test",
                            "single_end": false
                        },
                        "test_cropped.nii.gz:md5,ce10054d30c0a0753c619d67d811fe32"
                    ]
                ],
                "1": [
                    
                ],
                "2": [
                    [
                        {
                            "id": "test",
                            "single_end": false
                        },
                        "test__denoised.nii.gz:md5,ce10054d30c0a0753c619d67d811fe32"
                    ]
                ],
                "3": [
                    [
                        {
                            "id": "test",
                            "single_end": false
                        },
                        "test__denoised.nii.gz:md5,ce10054d30c0a0753c619d67d811fe32"
                    ]
                ],
                "4": [
                    [
                        {
                            "id": "test",
                            "single_end": false
                        },
                        "test_resampled.nii.gz:md5,ce10054d30c0a0753c619d67d811fe32"
                    ]
                ],
                "5": [
                    [
                        {
                            "id": "test",
                            "single_end": false
                        },
                        "test_resampled.nii.gz:md5,ce10054d30c0a0753c619d67d811fe32"
                    ]
                ],
                "6": [
                    
                ],
                "7": [
                    
                ],
                "8": [
                    "versions.yml:md5,bd12cec77fa03cf508a94e5e0f67bcc2",
                    "versions.yml:md5,bdd934b4b8456060c36d6d97e4f30740",
                    "versions.yml:md5,bf4dd58c38dd4863ebfb9e78a94c3a20"
                ],
                "crop_box": [
                    
                ],
                "image_N4": [
                    [
                        {
                            "id": "test",
                            "single_end": false
                        },
                        "test__denoised.nii.gz:md5,ce10054d30c0a0753c619d67d811fe32"
                    ]
                ],
                "image_bet": [
                    [
                        {
                            "id": "test",
                            "single_end": false
                        },
                        "test_resampled.nii.gz:md5,ce10054d30c0a0753c619d67d811fe32"
                    ]
                ],
                "image_nlmeans": [
                    [
                        {
                            "id": "test",
                            "single_end": false
                        },
                        "test__denoised.nii.gz:md5,ce10054d30c0a0753c619d67d811fe32"
                    ]
                ],
                "image_resample": [
                    [
                        {
                            "id": "test",
                            "single_end": false
                        },
                        "test_resampled.nii.gz:md5,ce10054d30c0a0753c619d67d811fe32"
                    ]
                ],
                "mask_bet": [
                    
                ],
                "mask_final": [
                    
                ],
                "t1_final": [
                    [
                        {
                            "id": "test",
                            "single_end": false
                        },
                        "test_cropped.nii.gz:md5,ce10054d30c0a0753c619d67d811fe32"
                    ]
                ],
                "versions": [
                    "versions.yml:md5,bd12cec77fa03cf508a94e5e0f67bcc2",
                    "versions.yml:md5,bdd934b4b8456060c36d6d97e4f30740",
                    "versions.yml:md5,bf4dd58c38dd4863ebfb9e78a94c3a20"
                ]
            }
        ],
        "meta": {
            "nf-test": "0.9.0",
            "nextflow": "25.04.4"
        },
        "timestamp": "2025-06-27T12:18:31.137416769"
    },
    "preproc_t1_synthbet": {
        "content": [
            "test__denoised.nii.gz:md5:header,a7ee0e819007aba98d14f7a145b550e6,data,232af4b453005cab23cd8f7ab63e7048",
            "test__image_n4.nii.gz:md5:header,1eef210e471594bfd0725884e15c9b88,data,4cc37d92d39cbbe9425053edb5098086",
            "test_resampled.nii.gz:md5:header,9dac59dbaf2d894eeb5f121d4c2405f5,data,4cc37d92d39cbbe9425053edb5098086",
            "test__bet_image.nii.gz:md5:header,7e7a5fb3e07629f39fa67eeb56afc91e,data,668905981fb59ad73a16176b0999eaf3",
            "test__brain_mask.nii.gz:md5:header,fd21463c4f2683ce228b7d96b07ec71e,data,7e1fe1e43df16f9f458bf194a2ddd497",
            [
                [
                    {
                        "id": "test",
                        "single_end": false
                    },
                    "test_t1_cropped_bbox.pkl:md5,0a28ae78d2243bf0b345e7f7e976a35a"
                ]
            ],
            "test_cropped.nii.gz:md5:header,7a5d4efd7aa7baef0e825f878b2a73f1,data,f682cfc67bea0cff229d843862a86670",
            "test_t1_cropped.nii.gz:md5:header,7a5d4efd7aa7baef0e825f878b2a73f1,data,03eb490e09e52b63519667ce15fb8159",
            [
                "versions.yml:md5,318cabe934be45528a25f52083d9c90d",
                "versions.yml:md5,7aad91b5043d2dc8e8fc69ffbbe6f657",
                "versions.yml:md5,bd12cec77fa03cf508a94e5e0f67bcc2",
                "versions.yml:md5,bdd934b4b8456060c36d6d97e4f30740",
                "versions.yml:md5,be3dbb0ac2589ad263d583018f339102",
                "versions.yml:md5,bf4dd58c38dd4863ebfb9e78a94c3a20"
            ]
        ],
        "meta": {
            "nf-test": "0.9.0",
            "nextflow": "25.04.4"
        },
        "timestamp": "2025-06-27T12:18:08.892320642"
    },
    "preproc_t1_skip_all": {
        "content": [
            {
                "0": [
                    [
                        {
                            "id": "test",
                            "single_end": false
                        },
                        "T1w.nii.gz:md5,ce10054d30c0a0753c619d67d811fe32"
                    ]
                ],
                "1": [
                    
                ],
                "2": [
                    [
                        {
                            "id": "test",
                            "single_end": false
                        },
                        "T1w.nii.gz:md5,ce10054d30c0a0753c619d67d811fe32"
                    ]
                ],
                "3": [
                    [
                        {
                            "id": "test",
                            "single_end": false
                        },
                        "T1w.nii.gz:md5,ce10054d30c0a0753c619d67d811fe32"
                    ]
                ],
                "4": [
                    [
                        {
                            "id": "test",
                            "single_end": false
                        },
                        "T1w.nii.gz:md5,ce10054d30c0a0753c619d67d811fe32"
                    ]
                ],
                "5": [
                    [
                        {
                            "id": "test",
                            "single_end": false
                        },
                        "T1w.nii.gz:md5,ce10054d30c0a0753c619d67d811fe32"
                    ]
                ],
                "6": [
                    
                ],
                "7": [
                    
                ],
                "8": [
                    
                ],
                "crop_box": [
                    
                ],
                "image_N4": [
                    [
                        {
                            "id": "test",
                            "single_end": false
                        },
                        "T1w.nii.gz:md5,ce10054d30c0a0753c619d67d811fe32"
                    ]
                ],
                "image_bet": [
                    [
                        {
                            "id": "test",
                            "single_end": false
                        },
                        "T1w.nii.gz:md5,ce10054d30c0a0753c619d67d811fe32"
                    ]
                ],
                "image_nlmeans": [
                    [
                        {
                            "id": "test",
                            "single_end": false
                        },
                        "T1w.nii.gz:md5,ce10054d30c0a0753c619d67d811fe32"
                    ]
                ],
                "image_resample": [
                    [
                        {
                            "id": "test",
                            "single_end": false
                        },
                        "T1w.nii.gz:md5,ce10054d30c0a0753c619d67d811fe32"
                    ]
                ],
                "mask_bet": [
                    
                ],
                "mask_final": [
                    
                ],
                "t1_final": [
                    [
                        {
                            "id": "test",
                            "single_end": false
                        },
                        "T1w.nii.gz:md5,ce10054d30c0a0753c619d67d811fe32"
                    ]
                ],
                "versions": [
                    
                ]
            }
        ],
        "meta": {
            "nf-test": "0.9.0",
            "nextflow": "25.04.4"
        },
        "timestamp": "2025-06-27T12:18:38.832987377"
    },
    "preproc_t1_antsbet": {
        "content": [
            "test__denoised.nii.gz:md5:header,a7ee0e819007aba98d14f7a145b550e6,data,232af4b453005cab23cd8f7ab63e7048",
            "test__image_n4.nii.gz:md5:header,1eef210e471594bfd0725884e15c9b88,data,4cc37d92d39cbbe9425053edb5098086",
            "test_resampled.nii.gz:md5:header,9dac59dbaf2d894eeb5f121d4c2405f5,data,4cc37d92d39cbbe9425053edb5098086",
            "test__t1_bet.nii.gz",
            "test__t1_bet_mask.nii.gz",
            "test_t1_cropped_bbox.pkl",
            "test_cropped.nii.gz",
            "test_t1_cropped.nii.gz",
            [
                "versions.yml:md5,7aad91b5043d2dc8e8fc69ffbbe6f657",
                "versions.yml:md5,bd12cec77fa03cf508a94e5e0f67bcc2",
                "versions.yml:md5,bdd934b4b8456060c36d6d97e4f30740",
                "versions.yml:md5,be3dbb0ac2589ad263d583018f339102",
                "versions.yml:md5,bf4dd58c38dd4863ebfb9e78a94c3a20",
                "versions.yml:md5,da278daafbe3afa8454021e2716dd205"
            ]
        ],
        "meta": {
            "nf-test": "0.9.0",
            "nextflow": "25.04.4"
        },
        "timestamp": "2025-06-27T12:17:13.369749763"
    }
}