{
    "preproc_t1_quick": {
        "content": [
            {
                "image_nlmeans": [
                    [
                        {
                            "id": "test"
                        },
                        "test_denoised.nii.gz"
                    ]
                ],
                "image_resample": [
                    [
                        {
                            "id": "test"
                        },
                        "test_resampled.nii.gz"
                    ]
                ],
                "t1_final": [
                    [
                        {
                            "id": "test"
                        },
                        "test_cropped.nii.gz"
                    ]
                ],
                "versions": [
                    "versions.yml:md5,b3052ba8e0fbaee41f2064801434f38b",
                    "versions.yml:md5,bf4dd58c38dd4863ebfb9e78a94c3a20",
                    "versions.yml:md5,ea32c30f5320f720b2f5dc32ac2535ea"
                ]
            }
        ],
        "meta": {
            "nf-test": "0.9.0",
            "nextflow": "25.04.7"
        },
        "timestamp": "2025-09-18T04:02:31.202475083"
    },
    "preproc_t1_synthbet": {
        "content": [
            {
                "crop_box": [
                    [
                        {
                            "id": "test"
                        },
                        "test_t1_cropped_bbox.pkl"
                    ]
                ],
                "image_N4": [
                    [
                        {
                            "id": "test"
                        },
                        "test__image_n4.nii.gz"
                    ]
                ],
                "image_bet": [
                    [
                        {
                            "id": "test"
                        },
                        "test__bet_image.nii.gz"
                    ]
                ],
                "image_nlmeans": [
                    [
                        {
                            "id": "test"
                        },
                        "test_denoised.nii.gz"
                    ]
                ],
                "image_resample": [
                    [
                        {
                            "id": "test"
                        },
                        "test_resampled.nii.gz"
                    ]
                ],
                "mask_bet": [
                    [
                        {
                            "id": "test"
                        },
                        "test__brain_mask.nii.gz"
                    ]
                ],
                "mask_final": [
                    [
                        {
                            "id": "test"
                        },
                        "test_cropped.nii.gz"
                    ]
                ],
                "t1_final": [
                    [
                        {
                            "id": "test"
                        },
                        "test_t1_cropped.nii.gz"
                    ]
                ],
                "versions": [
                    "versions.yml:md5,318cabe934be45528a25f52083d9c90d",
                    "versions.yml:md5,7aad91b5043d2dc8e8fc69ffbbe6f657",
                    "versions.yml:md5,b3052ba8e0fbaee41f2064801434f38b",
                    "versions.yml:md5,be3dbb0ac2589ad263d583018f339102",
                    "versions.yml:md5,bf4dd58c38dd4863ebfb9e78a94c3a20",
                    "versions.yml:md5,ea32c30f5320f720b2f5dc32ac2535ea"
                ]
            }
        ],
        "meta": {
            "nf-test": "0.9.0",
            "nextflow": "25.04.7"
        },
        "timestamp": "2025-09-18T03:54:59.425262637"
    },
    "preproc_t1_skip_all": {
        "content": [
            {
                "t1_final": [
                    [
                        {
                            "id": "test"
                        },
                        "T1w.nii.gz"
                    ]
                ]
            }
        ],
        "meta": {
            "nf-test": "0.9.2",
            "nextflow": "25.04.7"
        },
        "timestamp": "2025-09-16T10:35:13.269602"
    },
    "preproc_t1_antsbet": {
        "content": [
            {
                "crop_box": [
                    [
                        {
                            "id": "test"
                        },
                        "test_t1_cropped_bbox.pkl"
                    ]
                ],
                "image_N4": [
                    [
                        {
                            "id": "test"
                        },
                        "test__image_n4.nii.gz"
                    ]
                ],
                "image_bet": [
                    [
                        {
                            "id": "test"
                        },
                        "test__t1_bet.nii.gz"
                    ]
                ],
                "image_nlmeans": [
                    [
                        {
                            "id": "test"
                        },
                        "test_denoised.nii.gz"
                    ]
                ],
                "image_resample": [
                    [
                        {
                            "id": "test"
                        },
                        "test_resampled.nii.gz"
                    ]
                ],
                "mask_bet": [
                    [
                        {
                            "id": "test"
                        },
                        "test__t1_bet_mask.nii.gz"
                    ]
                ],
                "mask_final": [
                    [
                        {
                            "id": "test"
                        },
                        "test_cropped.nii.gz"
                    ]
                ],
                "t1_final": [
                    [
                        {
                            "id": "test"
                        },
                        "test_t1_cropped.nii.gz"
                    ]
                ],
                "versions": [
                    "versions.yml:md5,3bda0d9faae5e07d500a04a0119b766f",
                    "versions.yml:md5,7aad91b5043d2dc8e8fc69ffbbe6f657",
                    "versions.yml:md5,b3052ba8e0fbaee41f2064801434f38b",
                    "versions.yml:md5,be3dbb0ac2589ad263d583018f339102",
                    "versions.yml:md5,bf4dd58c38dd4863ebfb9e78a94c3a20",
                    "versions.yml:md5,ea32c30f5320f720b2f5dc32ac2535ea"
                ]
            }
        ],
        "meta": {
            "nf-test": "0.9.0",
            "nextflow": "25.04.7"
        },
        "timestamp": "2025-09-18T03:52:58.329141544"
    }
}