{
    "dwishell - extract two shells": {
        "content": [
            null,
            [
                "versions.yml:md5,e0f2705d122d83d3a6625951bcbfd464"
            ]
        ],
        "meta": {
            "nf-test": "0.9.0",
            "nextflow": "25.04.7"
        },
        "timestamp": "2025-10-20T01:48:58.273795431"
    },
    "dwishell - extract single shell": {
        "content": [
            null,
            [
                "versions.yml:md5,e0f2705d122d83d3a6625951bcbfd464"
            ]
        ],
        "meta": {
            "nf-test": "0.9.0",
            "nextflow": "25.04.7"
        },
        "timestamp": "2025-10-20T01:48:52.365284115"
    },
    "dwishell - stub": {
        "content": [
            [
                "versions.yml:md5,e0f2705d122d83d3a6625951bcbfd464"
            ]
        ],
        "meta": {
            "nf-test": "0.9.0",
            "nextflow": "25.04.7"
        },
        "timestamp": "2025-10-20T01:49:09.201378094"
    },
    "dwishell - extract out indices": {
        "content": [
            null,
            [
                [
                    {
                        "id": "test",
                        "single_end": false
                    },
                    "test__out_indices:md5,b2fcd56b5ae04dce90945c030520ae3f"
                ]
            ],
            [
                "versions.yml:md5,e0f2705d122d83d3a6625951bcbfd464"
            ]
        ],
        "meta": {
            "nf-test": "0.9.0",
            "nextflow": "25.04.7"
        },
        "timestamp": "2025-10-20T01:49:04.047675057"
    }
}