{
    "bundle - labelmap": {
        "content": [
            [
                "versions.yml:md5,1acf9dc20f932a942f2120e1ca8ada00"
            ],
            "test__IFGWM_labels.nii.gz",
            "test__IFGWM_labels.trk",
            "test__IFGWM_distances.nii.gz",
            "test__IFGWM_distances.trk"
        ],
        "meta": {
            "nf-test": "0.9.0",
            "nextflow": "25.04.4"
        },
        "timestamp": "2025-06-25T21:03:34.116292303"
    }
}